2026-09-10 03:21:24.602 UTC [76954] LOG:  multithreaded=on: routing io_method=worker to the in-fiber "xtc" method
2026-09-10 03:21:24.602 UTC [76954] DETAIL:  Forked io workers cannot wake in-process fiber backends; set io_method explicitly to override.
2026-09-10 03:21:24.617 UTC [76954] LOG:  starting PostgreSQL 20devel on x86_64-linux, compiled by gcc-11.5.0, 64-bit
2026-09-10 03:21:24.618 UTC [76954] LOG:  listening on IPv4 address "127.0.0.1", port 5434
2026-09-10 03:21:24.620 UTC [76954] LOG:  listening on Unix socket "/tmp/.s.PGSQL.5434"
2026-09-10 03:21:24.627 UTC [76954] LOG:  database system was shut down at 2026-09-10 03:21:15 UTC
2026-09-10 03:21:29.636 UTC [76954] LOG:  database system is ready to accept connections
2026-09-10 03:21:29.640 UTC [76954] LOG:  xtc: carrier scheduler thread up (4 loops, 4 supervisors, worker-fiber pool; client backends on pooled carriers)
2026-09-10 03:21:29.640 UTC [76954] LOG:  xtc: walwriter launched as xtc fiber (child_slot=285)
2026-09-10 03:21:29.640 UTC [76954] LOG:  xtc: background worker launched as xtc fiber (child_slot=238)
xtc: spawned backend fiber pid=(loop=1,local=2,gen=1) migratable=0
xtc: spawned backend fiber pid=(loop=2,local=1,gen=1) migratable=0
2026-09-10 03:21:56.796 UTC [76954] ERROR:  user-defined relation parameter types limit exceeded
2026-09-10 03:21:56.796 UTC [76954] STATEMENT:  SELECT reloptprobe_exhaust_kinds();
2026-09-10 03:22:07.428 UTC [76954] ERROR:  invalid memory alloc request size 2147483648
2026-09-10 03:22:07.428 UTC [76954] STATEMENT:  SELECT reloptprobe_huge_name_bool();
2026-09-10 03:22:17.783 UTC [76954] ERROR:  user-defined relation parameter types limit exceeded
2026-09-10 03:22:17.783 UTC [76954] STATEMENT:  SELECT reloptprobe_exhaust_kinds();
2026-09-10 03:22:18.685 UTC [76954] ERROR:  invalid memory alloc request size 2147483648
2026-09-10 03:22:18.685 UTC [76954] STATEMENT:  SELECT reloptprobe_huge_name_bool();
2026-09-10 03:22:29.712 UTC [76954] ERROR:  invalid memory alloc request size 2147483648
2026-09-10 03:22:29.712 UTC [76954] STATEMENT:  SELECT reloptprobe_huge_name_bool();
2026-09-10 03:22:30.620 UTC [76954] ERROR:  invalid memory alloc request size 2147483648
2026-09-10 03:22:30.620 UTC [76954] STATEMENT:  SELECT reloptprobe_huge_name_bool();
2026-09-10 03:22:31.528 UTC [76954] ERROR:  invalid memory alloc request size 2147483648
2026-09-10 03:22:31.528 UTC [76954] STATEMENT:  SELECT reloptprobe_huge_name_bool();
2026-09-10 03:22:32.436 UTC [76954] ERROR:  invalid memory alloc request size 2147483648
2026-09-10 03:22:32.436 UTC [76954] STATEMENT:  SELECT reloptprobe_huge_name_bool();
2026-09-10 03:22:33.343 UTC [76954] ERROR:  invalid memory alloc request size 2147483648
2026-09-10 03:22:33.343 UTC [76954] STATEMENT:  SELECT reloptprobe_huge_name_bool();
