gmake -C ./src/backend generated-headers
gmake[1]: Entering directory '/mnt/nvme/work/pg_noassert/src/backend'
gmake -C ../include/catalog generated-headers
gmake[2]: Entering directory '/mnt/nvme/work/pg_noassert/src/include/catalog'
gmake[2]: Nothing to be done for 'generated-headers'.
gmake[2]: Leaving directory '/mnt/nvme/work/pg_noassert/src/include/catalog'
gmake -C nodes generated-header-symlinks
gmake[2]: Entering directory '/mnt/nvme/work/pg_noassert/src/backend/nodes'
gmake[2]: Nothing to be done for 'generated-header-symlinks'.
gmake[2]: Leaving directory '/mnt/nvme/work/pg_noassert/src/backend/nodes'
gmake -C utils generated-header-symlinks
gmake[2]: Entering directory '/mnt/nvme/work/pg_noassert/src/backend/utils'
gmake -C adt jsonpath_gram.h
gmake[3]: Entering directory '/mnt/nvme/work/pg_noassert/src/backend/utils/adt'
gmake[3]: 'jsonpath_gram.h' is up to date.
gmake[3]: Leaving directory '/mnt/nvme/work/pg_noassert/src/backend/utils/adt'
gmake[2]: Leaving directory '/mnt/nvme/work/pg_noassert/src/backend/utils'
gmake[1]: Leaving directory '/mnt/nvme/work/pg_noassert/src/backend'
rm -rf '/mnt/nvme/work/pg_noassert'/tmp_install
/usr/bin/mkdir -p '/mnt/nvme/work/pg_noassert'/tmp_install/log
gmake -C '.' DESTDIR='/mnt/nvme/work/pg_noassert'/tmp_install install >'/mnt/nvme/work/pg_noassert'/tmp_install/log/install.log 2>&1
gmake -j1 -C src/test/regress checkprep >>'/mnt/nvme/work/pg_noassert'/tmp_install/log/install.log 2>&1
if test x'linux' = xdarwin; then find '/mnt/nvme/work/pg_noassert'/tmp_install/usr/local/pgsql/bin '/mnt/nvme/work/pg_noassert'/tmp_install/usr/local/pgsql/lib -type f | while read f; do if otool -L "$f" 2>/dev/null | grep -q '/usr/local/pgsql/lib/libpq.5.so'; then install_name_tool -change '/usr/local/pgsql/lib/libpq.5.so' '/mnt/nvme/work/pg_noassert'/tmp_install/usr/local/pgsql/lib/libpq.5.so "$f"; fi; done; fi
PATH="/mnt/nvme/work/pg_noassert/tmp_install/usr/local/pgsql/bin:/mnt/nvme/work/pg_noassert:$PATH" LD_LIBRARY_PATH="/mnt/nvme/work/pg_noassert/tmp_install/usr/local/pgsql/lib" INITDB_TEMPLATE='/mnt/nvme/work/pg_noassert'/tmp_install/initdb-template  initdb --auth trust --no-sync --no-instructions --lc-messages=C --no-clean '/mnt/nvme/work/pg_noassert'/tmp_install/initdb-template >>'/mnt/nvme/work/pg_noassert'/tmp_install/log/initdb-template.log 2>&1
gmake -C src/test/regress check-threaded-workers
gmake[1]: Entering directory '/mnt/nvme/work/pg_noassert/src/test/regress'
gmake -C ../../../src/port all
gmake[2]: Entering directory '/mnt/nvme/work/pg_noassert/src/port'
gmake[2]: Nothing to be done for 'all'.
gmake[2]: Leaving directory '/mnt/nvme/work/pg_noassert/src/port'
gmake -C ../../../src/common all
gmake[2]: Entering directory '/mnt/nvme/work/pg_noassert/src/common'
gmake[2]: Nothing to be done for 'all'.
gmake[2]: Leaving directory '/mnt/nvme/work/pg_noassert/src/common'
echo "# +++ regress check in src/test/regress +++" && PATH="/mnt/nvme/work/pg_noassert/tmp_install/usr/local/pgsql/bin:/mnt/nvme/work/pg_noassert/src/test/regress:$PATH" LD_LIBRARY_PATH="/mnt/nvme/work/pg_noassert/tmp_install/usr/local/pgsql/lib" INITDB_TEMPLATE='/mnt/nvme/work/pg_noassert'/tmp_install/initdb-template  ../../../src/test/regress/pg_regress --temp-instance=./tmp_check --inputdir=. --bindir=     --temp-config=./threaded_workers.conf --dlpath=. --max-concurrent-tests=20  --schedule=./parallel_schedule  
# +++ regress check in src/test/regress +++
# initializing database system by copying initdb template
# using temp instance on port 52544 with PID 123452
ok 1         - test_setup                                402 ms
# parallel group (20 tests):  oid pg_lsn varchar txid name char text int2 money int4 float4 boolean int8 regproc bit enum uuid float8 numeric rangetypes
ok 2         + boolean                                   102 ms
ok 3         + char                                       83 ms
ok 4         + name                                       82 ms
ok 5         + varchar                                    79 ms
ok 6         + text                                       84 ms
ok 7         + int2                                       85 ms
ok 8         + int4                                       96 ms
ok 9         + int8                                      110 ms
ok 10        + oid                                        73 ms
ok 11        + float4                                     97 ms
ok 12        + float8                                    163 ms
ok 13        + bit                                       117 ms
ok 14        + numeric                                   398 ms
ok 15        + txid                                       78 ms
ok 16        + uuid                                      150 ms
ok 17        + enum                                      125 ms
ok 18        + money                                      89 ms
ok 19        + rangetypes                                568 ms
ok 20        + pg_lsn                                     75 ms
ok 21        + regproc                                   111 ms
# parallel group (20 tests):  md5 path circle time line macaddr point timetz lseg date macaddr8 numerology inet interval strings multirangetypes timestamptz box polygon timestamp
ok 22        + strings                                   218 ms
ok 23        + md5                                        63 ms
ok 24        + numerology                                106 ms
ok 25        + point                                      87 ms
ok 26        + lseg                                       97 ms
ok 27        + line                                       79 ms
ok 28        + box                                       485 ms
ok 29        + path                                       71 ms
ok 30        + polygon                                   503 ms
ok 31        + circle                                     72 ms
ok 32        + date                                       97 ms
ok 33        + time                                       79 ms
ok 34        + timetz                                     91 ms
ok 35        + timestamp                                 527 ms
ok 36        + timestamptz                               449 ms
ok 37        + interval                                  161 ms
ok 38        + inet                                      117 ms
ok 39        + macaddr                                    78 ms
ok 40        + macaddr8                                  103 ms
ok 41        + multirangetypes                           375 ms
# parallel group (19 tests):  comments euc_kr unicode misc_sanity pg_ndistinct xid oid8 encoding expressions tstypes horology geometry mvcc pg_dependencies stats_import regex type_sanity opr_sanity database
ok 42        + geometry                                  152 ms
ok 43        + horology                                  149 ms
ok 44        + tstypes                                   122 ms
ok 45        + regex                                     418 ms
ok 46        + type_sanity                               446 ms
ok 47        + opr_sanity                                515 ms
ok 48        + misc_sanity                                79 ms
ok 49        + comments                                   70 ms
ok 50        + expressions                               119 ms
ok 51        + unicode                                    78 ms
ok 52        + xid                                       100 ms
ok 53        + mvcc                                      161 ms
ok 54        + database                                  556 ms
ok 55        + stats_import                              355 ms
ok 56        + pg_ndistinct                               96 ms
ok 57        + pg_dependencies                           188 ms
ok 58        + oid8                                      100 ms
ok 59        + encoding                                  113 ms
ok 60        + euc_kr                                     74 ms
# parallel group (6 tests):  copyencoding copyselect copydml copy insert_conflict insert
ok 61        + copy                                      188 ms
ok 62        + copyselect                                 48 ms
ok 63        + copydml                                    87 ms
ok 64        + copyencoding                               40 ms
ok 65        + insert                                    452 ms
ok 66        + insert_conflict                           195 ms
# parallel group (7 tests):  create_function_c create_operator create_type create_misc create_procedure create_schema create_table
ok 67        + create_function_c                          25 ms
ok 68        + create_misc                                74 ms
ok 69        + create_operator                            41 ms
ok 70        + create_procedure                           74 ms
ok 71        + create_table                              475 ms
ok 72        + create_type                                60 ms
ok 73        + create_schema                             114 ms
# parallel group (5 tests):  index_including create_view index_including_gist create_index_spgist create_index
ok 74        + create_index                             1390 ms
ok 75        + create_index_spgist                       929 ms
ok 76        + create_view                               689 ms
ok 77        + index_including                           362 ms
ok 78        + index_including_gist                      719 ms
# parallel group (18 tests):  create_cast errors hash_func roleattributes infinite_recurse create_aggregate select drop_if_exists typed_table create_function_sql create_am create_property_graph for_portion_of vacuum updatable_views constraints triggers inherit
ok 79        + create_aggregate                          102 ms
ok 80        + create_function_sql                       212 ms
ok 81        + create_cast                                69 ms
ok 82        + constraints                               846 ms
ok 83        + triggers                                 1073 ms
ok 84        + select                                    115 ms
ok 85        + inherit                                  1326 ms
ok 86        + typed_table                               199 ms
ok 87        + vacuum                                    645 ms
ok 88        + drop_if_exists                            137 ms
ok 89        + updatable_views                           780 ms
ok 90        + roleattributes                             81 ms
ok 91        + create_am                                 242 ms
ok 92        + hash_func                                  80 ms
ok 93        + errors                                     71 ms
ok 94        + infinite_recurse                           89 ms
ok 95        + create_property_graph                     314 ms
ok 96        + for_portion_of                            475 ms
ok 97        - sanity_check                              153 ms
# parallel group (20 tests):  delete select_distinct_on select_having case select_implicit select_into namespace prepared_xacts random portals select_distinct transactions union arrays update subselect aggregates join hash_index btree_index
ok 98        + select_into                               105 ms
# diff -U3 /mnt/nvme/work/pg_noassert/src/test/regress/expected/select_distinct.out /mnt/nvme/work/pg_noassert/src/test/regress/results/select_distinct.out
# --- /mnt/nvme/work/pg_noassert/src/test/regress/expected/select_distinct.out	2026-09-09 23:14:58.000000000 +0000
# +++ /mnt/nvme/work/pg_noassert/src/test/regress/results/select_distinct.out	2026-09-10 03:50:53.204695665 +0000
# @@ -178,11 +178,12 @@
#                       QUERY PLAN                      
#  -----------------------------------------------------
#   Unique
# +   Disabled: true
#     ->  Incremental Sort
#           Sort Key: hundred, two
#           Presorted Key: hundred
#           ->  Index Scan using tenk1_hundred on tenk1
# -(5 rows)
# +(6 rows)
#  
#  RESET enable_seqscan;
#  SET enable_hashagg=TRUE;
not ok 99    + select_distinct                           242 ms
ok 100       + select_distinct_on                         88 ms
ok 101       + select_implicit                            98 ms
ok 102       + select_having                              90 ms
ok 103       + subselect                                 598 ms
ok 104       + union                                     293 ms
ok 105       + case                                       92 ms
# diff -U3 /mnt/nvme/work/pg_noassert/src/test/regress/expected/join.out /mnt/nvme/work/pg_noassert/src/test/regress/results/join.out
# --- /mnt/nvme/work/pg_noassert/src/test/regress/expected/join.out	2026-09-09 23:14:58.000000000 +0000
# +++ /mnt/nvme/work/pg_noassert/src/test/regress/results/join.out	2026-09-10 04:01:31.344901108 +0000
# @@ -8382,2505 +8382,7 @@
#  DROP INDEX sj_fn_idx, sj_temp_idx1, sj_temp_idx;
#  -- Test that OR predicated are updated correctly after join removal
#  CREATE TABLE tab_with_flag ( id INT PRIMARY KEY, is_flag SMALLINT);
# -CREATE INDEX idx_test_is_flag ON tab_with_flag (is_flag);
# -EXPLAIN (COSTS OFF)
# -SELECT COUNT(*) FROM tab_with_flag
# -WHERE
# -	(is_flag IS NULL OR is_flag = 0)
# -	AND id IN (SELECT id FROM tab_with_flag WHERE id IN (2, 3));
# -                        QUERY PLAN                         
# ------------------------------------------------------------
# - Aggregate
# -   ->  Bitmap Heap Scan on tab_with_flag
# -         Recheck Cond: (id = ANY ('{2,3}'::integer[]))
# -         Filter: ((is_flag IS NULL) OR (is_flag = 0))
# -         ->  Bitmap Index Scan on tab_with_flag_pkey
# -               Index Cond: (id = ANY ('{2,3}'::integer[]))
# -(6 rows)
# -
# -DROP TABLE tab_with_flag;
# --- HAVING clause
# -explain (costs off)
# -select p.b from sj p join sj q on p.a = q.a group by p.b having sum(p.a) = 1;
# -           QUERY PLAN            
# ----------------------------------
# - HashAggregate
# -   Group Key: q.b
# -   Filter: (sum(q.a) = 1)
# -   ->  Seq Scan on sj q
# -         Filter: (a IS NOT NULL)
# -(5 rows)
# -
# --- update lateral references and range table entry reference
# -explain (verbose, costs off)
# -select 1 from (select x.* from sj x, sj y where x.a = y.a) q,
# -  lateral generate_series(1, q.a) gs(i);
# -                      QUERY PLAN                      
# -------------------------------------------------------
# - Nested Loop
# -   Output: 1
# -   ->  Seq Scan on public.sj y
# -         Output: y.a, y.b, y.c
# -         Filter: (y.a IS NOT NULL)
# -   ->  Function Scan on pg_catalog.generate_series gs
# -         Output: gs.i
# -         Function Call: generate_series(1, y.a)
# -(8 rows)
# -
# -explain (verbose, costs off)
# -select 1 from (select y.* from sj x, sj y where x.a = y.a) q,
# -  lateral generate_series(1, q.a) gs(i);
# -                      QUERY PLAN                      
# -------------------------------------------------------
# - Nested Loop
# -   Output: 1
# -   ->  Seq Scan on public.sj y
# -         Output: y.a, y.b, y.c
# -         Filter: (y.a IS NOT NULL)
# -   ->  Function Scan on pg_catalog.generate_series gs
# (diff output truncated and silencing output for further failing tests...)
not ok 106   + join                                   638392 ms
# (test process exited with exit code 2)
# (diff output truncated and silencing output for further failing tests...)
not ok 107   + aggregates                             638392 ms
# (test process exited with exit code 2)
ok 108       + transactions                              251 ms
ok 109       + random                                    205 ms
ok 110       + portals                                   240 ms
ok 111       + arrays                                    387 ms
# (diff output truncated and silencing output for further failing tests...)
not ok 112   + btree_index                            638391 ms
# (test process exited with exit code 2)
# (diff output truncated and silencing output for further failing tests...)
not ok 113   + hash_index                             638391 ms
# (test process exited with exit code 2)
ok 114       + update                                    483 ms
ok 115       + delete                                     85 ms
ok 116       + namespace                                 116 ms
ok 117       + prepared_xacts                            131 ms
# parallel group (20 tests):  brin gin gist spgist privileges init_privs security_label lock replica_identity collate matview object_address groupingsets rowsecurity tablesample drop_operator password identity generated_stored join_hash
# (diff output truncated and silencing output for further failing tests...)
not ok 118   + brin                                        3 ms
# (test process exited with exit code 2)
# (diff output truncated and silencing output for further failing tests...)
not ok 119   + gin                                         3 ms
# (test process exited with exit code 2)
# (diff output truncated and silencing output for further failing tests...)
not ok 120   + gist                                        3 ms
# (test process exited with exit code 2)
# (diff output truncated and silencing output for further failing tests...)
not ok 121   + spgist                                      3 ms
# (test process exited with exit code 2)
# (diff output truncated and silencing output for further failing tests...)
not ok 122   + privileges                                  3 ms
# (test process exited with exit code 2)
# (diff output truncated and silencing output for further failing tests...)
not ok 123   + init_privs                                  3 ms
# (test process exited with exit code 2)
# (diff output truncated and silencing output for further failing tests...)
not ok 124   + security_label                              3 ms
# (test process exited with exit code 2)
# (diff output truncated and silencing output for further failing tests...)
not ok 125   + collate                                     3 ms
# (test process exited with exit code 2)
# (diff output truncated and silencing output for further failing tests...)
not ok 126   + matview                                     3 ms
# (test process exited with exit code 2)
# (diff output truncated and silencing output for further failing tests...)
not ok 127   + lock                                        3 ms
# (test process exited with exit code 2)
# (diff output truncated and silencing output for further failing tests...)
not ok 128   + replica_identity                            3 ms
# (test process exited with exit code 2)
# (diff output truncated and silencing output for further failing tests...)
not ok 129   + rowsecurity                                 3 ms
# (test process exited with exit code 2)
# (diff output truncated and silencing output for further failing tests...)
not ok 130   + object_address                              3 ms
# (test process exited with exit code 2)
# (diff output truncated and silencing output for further failing tests...)
not ok 131   + tablesample                                 3 ms
# (test process exited with exit code 2)
# (diff output truncated and silencing output for further failing tests...)
not ok 132   + groupingsets                                3 ms
# (test process exited with exit code 2)
# (diff output truncated and silencing output for further failing tests...)
not ok 133   + drop_operator                               3 ms
# (test process exited with exit code 2)
# (diff output truncated and silencing output for further failing tests...)
not ok 134   + password                                    3 ms
# (test process exited with exit code 2)
# (diff output truncated and silencing output for further failing tests...)
not ok 135   + identity                                    3 ms
# (test process exited with exit code 2)
# (diff output truncated and silencing output for further failing tests...)
not ok 136   + generated_stored                            3 ms
# (test process exited with exit code 2)
# (diff output truncated and silencing output for further failing tests...)
not ok 137   + join_hash                                   3 ms
# (test process exited with exit code 2)
# parallel group (2 tests):  brin_bloom brin_multi
# (diff output truncated and silencing output for further failing tests...)
not ok 138   + brin_bloom                                  3 ms
# (test process exited with exit code 2)
# (diff output truncated and silencing output for further failing tests...)
not ok 139   + brin_multi                                  3 ms
# (test process exited with exit code 2)
# parallel group (20 tests):  create_table_like alter_generic alter_operator misc async dbsize merge misc_functions nls sysviews tid tsrf tidscan tidrangescan collate.utf8 collate.icu.utf8 incremental_sort create_role without_overlaps generated_virtual
# (diff output truncated and silencing output for further failing tests...)
not ok 140   + create_table_like                           3 ms
# (test process exited with exit code 2)
# (diff output truncated and silencing output for further failing tests...)
not ok 141   + alter_generic                               3 ms
# (test process exited with exit code 2)
# (diff output truncated and silencing output for further failing tests...)
not ok 142   + alter_operator                              3 ms
# (test process exited with exit code 2)
# (diff output truncated and silencing output for further failing tests...)
not ok 143   + misc                                        3 ms
# (test process exited with exit code 2)
# (diff output truncated and silencing output for further failing tests...)
not ok 144   + async                                       3 ms
# (test process exited with exit code 2)
# (diff output truncated and silencing output for further failing tests...)
not ok 145   + dbsize                                      3 ms
# (test process exited with exit code 2)
# (diff output truncated and silencing output for further failing tests...)
not ok 146   + merge                                       3 ms
# (test process exited with exit code 2)
# (diff output truncated and silencing output for further failing tests...)
not ok 147   + misc_functions                              3 ms
# (test process exited with exit code 2)
# (diff output truncated and silencing output for further failing tests...)
not ok 148   + nls                                         3 ms
# (test process exited with exit code 2)
# (diff output truncated and silencing output for further failing tests...)
not ok 149   + sysviews                                    3 ms
# (test process exited with exit code 2)
# (diff output truncated and silencing output for further failing tests...)
not ok 150   + tsrf                                        3 ms
# (test process exited with exit code 2)
# (diff output truncated and silencing output for further failing tests...)
not ok 151   + tid                                         3 ms
# (test process exited with exit code 2)
# (diff output truncated and silencing output for further failing tests...)
not ok 152   + tidscan                                     3 ms
# (test process exited with exit code 2)
# (diff output truncated and silencing output for further failing tests...)
not ok 153   + tidrangescan                                3 ms
# (test process exited with exit code 2)
# (diff output truncated and silencing output for further failing tests...)
not ok 154   + collate.utf8                                3 ms
# (test process exited with exit code 2)
# (diff output truncated and silencing output for further failing tests...)
not ok 155   + collate.icu.utf8                            3 ms
# (test process exited with exit code 2)
# (diff output truncated and silencing output for further failing tests...)
not ok 156   + incremental_sort                            3 ms
# (test process exited with exit code 2)
# (diff output truncated and silencing output for further failing tests...)
not ok 157   + create_role                                 3 ms
# (test process exited with exit code 2)
# (diff output truncated and silencing output for further failing tests...)
not ok 158   + without_overlaps                            3 ms
# (test process exited with exit code 2)
# (diff output truncated and silencing output for further failing tests...)
not ok 159   + generated_virtual                           3 ms
# (test process exited with exit code 2)
# parallel group (8 tests):  rules psql psql_crosstab psql_pipeline amutils stats_ext collate.linux.utf8 collate.windows.win1252
# (diff output truncated and silencing output for further failing tests...)
not ok 160   + rules                                       3 ms
# (test process exited with exit code 2)
# (diff output truncated and silencing output for further failing tests...)
not ok 161   + psql                                        3 ms
# (test process exited with exit code 2)
# (diff output truncated and silencing output for further failing tests...)
not ok 162   + psql_crosstab                               3 ms
# (test process exited with exit code 2)
# (diff output truncated and silencing output for further failing tests...)
not ok 163   + psql_pipeline                               3 ms
# (test process exited with exit code 2)
# (diff output truncated and silencing output for further failing tests...)
not ok 164   + amutils                                     3 ms
# (test process exited with exit code 2)
# (diff output truncated and silencing output for further failing tests...)
not ok 165   + stats_ext                                   3 ms
# (test process exited with exit code 2)
# (diff output truncated and silencing output for further failing tests...)
not ok 166   + collate.linux.utf8                          3 ms
# (test process exited with exit code 2)
# (diff output truncated and silencing output for further failing tests...)
not ok 167   + collate.windows.win1252                     3 ms
# (test process exited with exit code 2)
# (diff output truncated and silencing output for further failing tests...)
not ok 168   - select_parallel                             3 ms
# (test process exited with exit code 2)
# (diff output truncated and silencing output for further failing tests...)
not ok 169   - write_parallel                              3 ms
# (test process exited with exit code 2)
# (diff output truncated and silencing output for further failing tests...)
not ok 170   - vacuum_parallel                             3 ms
# (test process exited with exit code 2)
# (diff output truncated and silencing output for further failing tests...)
not ok 171   - maintain_every                              3 ms
# (test process exited with exit code 2)
# parallel group (2 tests):  publication subscription
# (diff output truncated and silencing output for further failing tests...)
not ok 172   + publication                                 3 ms
# (test process exited with exit code 2)
# (diff output truncated and silencing output for further failing tests...)
not ok 173   + subscription                                3 ms
# (test process exited with exit code 2)
# parallel group (18 tests):  select_views portals_p2 foreign_key dependency guc bitmapops combocid tsearch tsdicts foreign_data window xmlmap functional_deps equivclass advisory_lock indirect_toast stats_rewrite graph_table
# (diff output truncated and silencing output for further failing tests...)
not ok 174   + select_views                                3 ms
# (test process exited with exit code 2)
# (diff output truncated and silencing output for further failing tests...)
not ok 175   + portals_p2                                  3 ms
# (test process exited with exit code 2)
# (diff output truncated and silencing output for further failing tests...)
not ok 176   + foreign_key                                 3 ms
# (test process exited with exit code 2)
# (diff output truncated and silencing output for further failing tests...)
not ok 177   + dependency                                  3 ms
# (test process exited with exit code 2)
# (diff output truncated and silencing output for further failing tests...)
not ok 178   + guc                                         3 ms
# (test process exited with exit code 2)
# (diff output truncated and silencing output for further failing tests...)
not ok 179   + bitmapops                                   3 ms
# (test process exited with exit code 2)
# (diff output truncated and silencing output for further failing tests...)
not ok 180   + combocid                                    3 ms
# (test process exited with exit code 2)
# (diff output truncated and silencing output for further failing tests...)
not ok 181   + tsearch                                     3 ms
# (test process exited with exit code 2)
# (diff output truncated and silencing output for further failing tests...)
not ok 182   + tsdicts                                     3 ms
# (test process exited with exit code 2)
# (diff output truncated and silencing output for further failing tests...)
not ok 183   + foreign_data                                3 ms
# (test process exited with exit code 2)
# (diff output truncated and silencing output for further failing tests...)
not ok 184   + window                                      3 ms
# (test process exited with exit code 2)
# (diff output truncated and silencing output for further failing tests...)
not ok 185   + xmlmap                                      3 ms
# (test process exited with exit code 2)
# (diff output truncated and silencing output for further failing tests...)
not ok 186   + functional_deps                             3 ms
# (test process exited with exit code 2)
# (diff output truncated and silencing output for further failing tests...)
not ok 187   + advisory_lock                               3 ms
# (test process exited with exit code 2)
# (diff output truncated and silencing output for further failing tests...)
not ok 188   + indirect_toast                              3 ms
# (test process exited with exit code 2)
# (diff output truncated and silencing output for further failing tests...)
not ok 189   + equivclass                                  3 ms
# (test process exited with exit code 2)
# (diff output truncated and silencing output for further failing tests...)
not ok 190   + stats_rewrite                               3 ms
# (test process exited with exit code 2)
# (diff output truncated and silencing output for further failing tests...)
not ok 191   + graph_table                                 3 ms
# (test process exited with exit code 2)
# parallel group (9 tests):  json jsonb json_encoding jsonpath jsonpath_encoding jsonb_jsonpath sqljson sqljson_queryfuncs sqljson_jsontable
# (diff output truncated and silencing output for further failing tests...)
not ok 192   + json                                        3 ms
# (test process exited with exit code 2)
# (diff output truncated and silencing output for further failing tests...)
not ok 193   + jsonb                                       3 ms
# (test process exited with exit code 2)
# (diff output truncated and silencing output for further failing tests...)
not ok 194   + json_encoding                               3 ms
# (test process exited with exit code 2)
# (diff output truncated and silencing output for further failing tests...)
not ok 195   + jsonpath                                    3 ms
# (test process exited with exit code 2)
# (diff output truncated and silencing output for further failing tests...)
not ok 196   + jsonpath_encoding                           3 ms
# (test process exited with exit code 2)
# (diff output truncated and silencing output for further failing tests...)
not ok 197   + jsonb_jsonpath                              3 ms
# (test process exited with exit code 2)
# (diff output truncated and silencing output for further failing tests...)
not ok 198   + sqljson                                     3 ms
# (test process exited with exit code 2)
# (diff output truncated and silencing output for further failing tests...)
not ok 199   + sqljson_queryfuncs                          3 ms
# (test process exited with exit code 2)
# (diff output truncated and silencing output for further failing tests...)
not ok 200   + sqljson_jsontable                           3 ms
# (test process exited with exit code 2)
# parallel group (18 tests):  limit plancache plpgsql copy2 temp domain rangefuncs prepare conversion truncate alter_table sequence polymorphism rowtypes largeobject returning with xml
# (diff output truncated and silencing output for further failing tests...)
not ok 201   + plancache                                   3 ms
# (test process exited with exit code 2)
# (diff output truncated and silencing output for further failing tests...)
not ok 202   + limit                                       3 ms
# (test process exited with exit code 2)
# (diff output truncated and silencing output for further failing tests...)
not ok 203   + plpgsql                                     3 ms
# (test process exited with exit code 2)
# (diff output truncated and silencing output for further failing tests...)
not ok 204   + copy2                                       3 ms
# (test process exited with exit code 2)
# (diff output truncated and silencing output for further failing tests...)
not ok 205   + temp                                        3 ms
# (test process exited with exit code 2)
# (diff output truncated and silencing output for further failing tests...)
not ok 206   + domain                                      3 ms
# (test process exited with exit code 2)
# (diff output truncated and silencing output for further failing tests...)
not ok 207   + rangefuncs                                  3 ms
# (test process exited with exit code 2)
# (diff output truncated and silencing output for further failing tests...)
not ok 208   + prepare                                     3 ms
# (test process exited with exit code 2)
# (diff output truncated and silencing output for further failing tests...)
not ok 209   + conversion                                  3 ms
# (test process exited with exit code 2)
# (diff output truncated and silencing output for further failing tests...)
not ok 210   + truncate                                    3 ms
# (test process exited with exit code 2)
# (diff output truncated and silencing output for further failing tests...)
not ok 211   + alter_table                                 3 ms
# (test process exited with exit code 2)
# (diff output truncated and silencing output for further failing tests...)
not ok 212   + sequence                                    3 ms
# (test process exited with exit code 2)
# (diff output truncated and silencing output for further failing tests...)
not ok 213   + polymorphism                                3 ms
# (test process exited with exit code 2)
# (diff output truncated and silencing output for further failing tests...)
not ok 214   + rowtypes                                    3 ms
# (test process exited with exit code 2)
# (diff output truncated and silencing output for further failing tests...)
not ok 215   + returning                                   3 ms
# (test process exited with exit code 2)
# (diff output truncated and silencing output for further failing tests...)
not ok 216   + largeobject                                 3 ms
# (test process exited with exit code 2)
# (diff output truncated and silencing output for further failing tests...)
not ok 217   + with                                        3 ms
# (test process exited with exit code 2)
# (diff output truncated and silencing output for further failing tests...)
not ok 218   + xml                                         3 ms
# (test process exited with exit code 2)
# parallel group (18 tests):  partition_merge partition_split partition_join partition_prune reloptions hash_part indexing partition_aggregate partition_info tuplesort explain memoize stats eager_aggregate predicate numa graph_table_rls planner_est
# (diff output truncated and silencing output for further failing tests...)
not ok 219   + partition_merge                             3 ms
# (test process exited with exit code 2)
# (diff output truncated and silencing output for further failing tests...)
not ok 220   + partition_split                             3 ms
# (test process exited with exit code 2)
# (diff output truncated and silencing output for further failing tests...)
not ok 221   + partition_join                              3 ms
# (test process exited with exit code 2)
# (diff output truncated and silencing output for further failing tests...)
not ok 222   + partition_prune                             3 ms
# (test process exited with exit code 2)
# (diff output truncated and silencing output for further failing tests...)
not ok 223   + reloptions                                  3 ms
# (test process exited with exit code 2)
# (diff output truncated and silencing output for further failing tests...)
not ok 224   + hash_part                                   3 ms
# (test process exited with exit code 2)
# (diff output truncated and silencing output for further failing tests...)
not ok 225   + indexing                                    3 ms
# (test process exited with exit code 2)
# (diff output truncated and silencing output for further failing tests...)
not ok 226   + partition_aggregate                         3 ms
# (test process exited with exit code 2)
# (diff output truncated and silencing output for further failing tests...)
not ok 227   + partition_info                              3 ms
# (test process exited with exit code 2)
# (diff output truncated and silencing output for further failing tests...)
not ok 228   + tuplesort                                   3 ms
# (test process exited with exit code 2)
# (diff output truncated and silencing output for further failing tests...)
not ok 229   + explain                                     3 ms
# (test process exited with exit code 2)
# (diff output truncated and silencing output for further failing tests...)
not ok 230   + memoize                                     3 ms
# (test process exited with exit code 2)
# (diff output truncated and silencing output for further failing tests...)
not ok 231   + stats                                       3 ms
# (test process exited with exit code 2)
# (diff output truncated and silencing output for further failing tests...)
not ok 232   + predicate                                   3 ms
# (test process exited with exit code 2)
# (diff output truncated and silencing output for further failing tests...)
not ok 233   + numa                                        3 ms
# (test process exited with exit code 2)
# (diff output truncated and silencing output for further failing tests...)
not ok 234   + eager_aggregate                             3 ms
# (test process exited with exit code 2)
# (diff output truncated and silencing output for further failing tests...)
not ok 235   + graph_table_rls                             3 ms
# (test process exited with exit code 2)
# (diff output truncated and silencing output for further failing tests...)
not ok 236   + planner_est                                 3 ms
# (test process exited with exit code 2)
# parallel group (4 tests):  compression compression_lz4 compression_pglz cluster
# (diff output truncated and silencing output for further failing tests...)
not ok 237   + compression                                 3 ms
# (test process exited with exit code 2)
# (diff output truncated and silencing output for further failing tests...)
not ok 238   + compression_lz4                             3 ms
# (test process exited with exit code 2)
# (diff output truncated and silencing output for further failing tests...)
not ok 239   + compression_pglz                            3 ms
# (test process exited with exit code 2)
# (diff output truncated and silencing output for further failing tests...)
not ok 240   + cluster                                     3 ms
# (test process exited with exit code 2)
# parallel group (2 tests):  oidjoins event_trigger
# (diff output truncated and silencing output for further failing tests...)
not ok 241   + oidjoins                                    3 ms
# (test process exited with exit code 2)
# (diff output truncated and silencing output for further failing tests...)
not ok 242   + event_trigger                               3 ms
# (test process exited with exit code 2)
# (diff output truncated and silencing output for further failing tests...)
not ok 243   - event_trigger_login                         3 ms
# (test process exited with exit code 2)
# (diff output truncated and silencing output for further failing tests...)
not ok 244   - fast_default                                3 ms
# (test process exited with exit code 2)
# (diff output truncated and silencing output for further failing tests...)
not ok 245   - tablespace                                  3 ms
# (test process exited with exit code 2)
pg_ctl: could not send stop signal (PID: 123452): No such process
# could not stop postmaster: exit code was 256
Bail out!gmake[1]: *** [GNUmakefile:119: check-threaded-workers] Error 2
gmake[1]: Leaving directory '/mnt/nvme/work/pg_noassert/src/test/regress'
gmake: *** [GNUmakefile:85: check-threaded-workers] Error 2
EXIT=2
