gmake -C ./src/backend generated-headers
gmake[1]: Entering directory '/mnt/nvme/work/pg_noassert/src/backend'
gmake -C ../include/catalog generated-headers
gmake[2]: Entering directory '/mnt/nvme/work/pg_noassert/src/include/catalog'
gmake[2]: Nothing to be done for 'generated-headers'.
gmake[2]: Leaving directory '/mnt/nvme/work/pg_noassert/src/include/catalog'
gmake -C nodes generated-header-symlinks
gmake[2]: Entering directory '/mnt/nvme/work/pg_noassert/src/backend/nodes'
gmake[2]: Nothing to be done for 'generated-header-symlinks'.
gmake[2]: Leaving directory '/mnt/nvme/work/pg_noassert/src/backend/nodes'
gmake -C utils generated-header-symlinks
gmake[2]: Entering directory '/mnt/nvme/work/pg_noassert/src/backend/utils'
gmake -C adt jsonpath_gram.h
gmake[3]: Entering directory '/mnt/nvme/work/pg_noassert/src/backend/utils/adt'
gmake[3]: 'jsonpath_gram.h' is up to date.
gmake[3]: Leaving directory '/mnt/nvme/work/pg_noassert/src/backend/utils/adt'
gmake[2]: Leaving directory '/mnt/nvme/work/pg_noassert/src/backend/utils'
gmake[1]: Leaving directory '/mnt/nvme/work/pg_noassert/src/backend'
rm -rf '/mnt/nvme/work/pg_noassert'/tmp_install
/usr/bin/mkdir -p '/mnt/nvme/work/pg_noassert'/tmp_install/log
gmake -C '.' DESTDIR='/mnt/nvme/work/pg_noassert'/tmp_install install >'/mnt/nvme/work/pg_noassert'/tmp_install/log/install.log 2>&1
gmake -j1 -C src/test/regress checkprep >>'/mnt/nvme/work/pg_noassert'/tmp_install/log/install.log 2>&1
if test x'linux' = xdarwin; then find '/mnt/nvme/work/pg_noassert'/tmp_install/usr/local/pgsql/bin '/mnt/nvme/work/pg_noassert'/tmp_install/usr/local/pgsql/lib -type f | while read f; do if otool -L "$f" 2>/dev/null | grep -q '/usr/local/pgsql/lib/libpq.5.so'; then install_name_tool -change '/usr/local/pgsql/lib/libpq.5.so' '/mnt/nvme/work/pg_noassert'/tmp_install/usr/local/pgsql/lib/libpq.5.so "$f"; fi; done; fi
PATH="/mnt/nvme/work/pg_noassert/tmp_install/usr/local/pgsql/bin:/mnt/nvme/work/pg_noassert:$PATH" LD_LIBRARY_PATH="/mnt/nvme/work/pg_noassert/tmp_install/usr/local/pgsql/lib" INITDB_TEMPLATE='/mnt/nvme/work/pg_noassert'/tmp_install/initdb-template  initdb --auth trust --no-sync --no-instructions --lc-messages=C --no-clean '/mnt/nvme/work/pg_noassert'/tmp_install/initdb-template >>'/mnt/nvme/work/pg_noassert'/tmp_install/log/initdb-template.log 2>&1
gmake -C src/test/regress check-threaded
gmake[1]: Entering directory '/mnt/nvme/work/pg_noassert/src/test/regress'
gmake -C ../../../src/port all
gmake[2]: Entering directory '/mnt/nvme/work/pg_noassert/src/port'
gmake[2]: Nothing to be done for 'all'.
gmake[2]: Leaving directory '/mnt/nvme/work/pg_noassert/src/port'
gmake -C ../../../src/common all
gmake[2]: Entering directory '/mnt/nvme/work/pg_noassert/src/common'
gmake[2]: Nothing to be done for 'all'.
gmake[2]: Leaving directory '/mnt/nvme/work/pg_noassert/src/common'
echo "# +++ regress check in src/test/regress +++" && PATH="/mnt/nvme/work/pg_noassert/tmp_install/usr/local/pgsql/bin:/mnt/nvme/work/pg_noassert/src/test/regress:$PATH" LD_LIBRARY_PATH="/mnt/nvme/work/pg_noassert/tmp_install/usr/local/pgsql/lib" INITDB_TEMPLATE='/mnt/nvme/work/pg_noassert'/tmp_install/initdb-template  ../../../src/test/regress/pg_regress --temp-instance=./tmp_check --inputdir=. --bindir=     --temp-config=./threaded_smoke.conf --dlpath=. --max-concurrent-tests=20  --schedule=./parallel_schedule  
# +++ regress check in src/test/regress +++
# initializing database system by copying initdb template
# using temp instance on port 52544 with PID 105926
ok 1         - test_setup                                404 ms
# parallel group (20 tests):  name varchar oid char pg_lsn txid int2 int4 float4 text boolean int8 money bit enum regproc uuid float8 numeric rangetypes
ok 2         + boolean                                    99 ms
ok 3         + char                                       75 ms
ok 4         + name                                       73 ms
ok 5         + varchar                                    74 ms
ok 6         + text                                       99 ms
ok 7         + int2                                       80 ms
ok 8         + int4                                       85 ms
ok 9         + int8                                      106 ms
ok 10        + oid                                        74 ms
ok 11        + float4                                     97 ms
ok 12        + float8                                    143 ms
ok 13        + bit                                       116 ms
ok 14        + numeric                                   412 ms
ok 15        + txid                                       76 ms
ok 16        + uuid                                      141 ms
ok 17        + enum                                      137 ms
ok 18        + money                                     106 ms
ok 19        + rangetypes                                607 ms
ok 20        + pg_lsn                                     74 ms
ok 21        + regproc                                   139 ms
# parallel group (20 tests):  md5 lseg line path time circle numerology point macaddr date timetz macaddr8 inet interval strings timestamp multirangetypes polygon timestamptz box
ok 22        + strings                                   190 ms
ok 23        + md5                                        62 ms
ok 24        + numerology                                 89 ms
ok 25        + point                                      89 ms
ok 26        + lseg                                       68 ms
ok 27        + line                                       71 ms
ok 28        + box                                       602 ms
ok 29        + path                                       73 ms
ok 30        + polygon                                   499 ms
ok 31        + circle                                     81 ms
ok 32        + date                                       91 ms
ok 33        + time                                       76 ms
ok 34        + timetz                                    102 ms
ok 35        + timestamp                                 397 ms
ok 36        + timestamptz                               550 ms
ok 37        + interval                                  151 ms
ok 38        + inet                                      121 ms
ok 39        + macaddr                                    88 ms
ok 40        + macaddr8                                  119 ms
ok 41        + multirangetypes                           417 ms
# parallel group (19 tests):  comments misc_sanity unicode pg_ndistinct pg_dependencies tstypes euc_kr oid8 xid encoding expressions geometry horology type_sanity mvcc regex stats_import opr_sanity database
ok 42        + geometry                                  143 ms
ok 43        + horology                                  166 ms
ok 44        + tstypes                                    83 ms
ok 45        + regex                                     355 ms
ok 46        + type_sanity                               166 ms
ok 47        + opr_sanity                                490 ms
ok 48        + misc_sanity                                71 ms
ok 49        + comments                                   60 ms
ok 50        + expressions                               122 ms
ok 51        + unicode                                    74 ms
ok 52        + xid                                       101 ms
ok 53        + mvcc                                      167 ms
ok 54        + database                                10505 ms
ok 55        + stats_import                              362 ms
ok 56        + pg_ndistinct                               76 ms
ok 57        + pg_dependencies                            77 ms
ok 58        + oid8                                       88 ms
ok 59        + encoding                                  116 ms
ok 60        + euc_kr                                     84 ms
# parallel group (6 tests):  copyencoding copyselect copydml insert_conflict copy insert
ok 61        + copy                                      216 ms
ok 62        + copyselect                                 46 ms
ok 63        + copydml                                    53 ms
ok 64        + copyencoding                               37 ms
ok 65        + insert                                    453 ms
ok 66        + insert_conflict                           213 ms
# parallel group (7 tests):  create_function_c create_procedure create_operator create_type create_misc create_schema create_table
ok 67        + create_function_c                          30 ms
ok 68        + create_misc                               120 ms
ok 69        + create_operator                            72 ms
ok 70        + create_procedure                           68 ms
ok 71        + create_table                              473 ms
ok 72        + create_type                                99 ms
ok 73        + create_schema                             125 ms
# parallel group (5 tests):  create_view index_including create_index_spgist index_including_gist create_index
ok 74        + create_index                             1157 ms
ok 75        + create_index_spgist                       682 ms
ok 76        + create_view                               396 ms
ok 77        + index_including                           606 ms
ok 78        + index_including_gist                      727 ms
# parallel group (18 tests):  create_cast roleattributes infinite_recurse errors create_aggregate hash_func drop_if_exists select typed_table create_am create_function_sql create_property_graph for_portion_of vacuum updatable_views constraints triggers inherit
ok 79        + create_aggregate                          103 ms
ok 80        + create_function_sql                      1252 ms
ok 81        + create_cast                                71 ms
ok 82        + constraints                              1816 ms
ok 83        + triggers                                 2050 ms
ok 84        + select                                    125 ms
ok 85        + inherit                                  2267 ms
ok 86        + typed_table                               152 ms
ok 87        + vacuum                                   1627 ms
ok 88        + drop_if_exists                            125 ms
ok 89        + updatable_views                          1809 ms
ok 90        + roleattributes                             73 ms
ok 91        + create_am                                1250 ms
ok 92        + hash_func                                 102 ms
ok 93        + errors                                     93 ms
ok 94        + infinite_recurse                           88 ms
ok 95        + create_property_graph                    1297 ms
ok 96        + for_portion_of                           1523 ms
ok 97        - sanity_check                              151 ms
# parallel group (20 tests):  select_having delete select_distinct_on select_implicit case select_into namespace random prepared_xacts union portals arrays select_distinct transactions update subselect join hash_index aggregates btree_index
ok 98        + select_into                               130 ms
# diff -U3 /mnt/nvme/work/pg_noassert/src/test/regress/expected/select_distinct.out /mnt/nvme/work/pg_noassert/src/test/regress/results/select_distinct.out
# --- /mnt/nvme/work/pg_noassert/src/test/regress/expected/select_distinct.out	2026-09-09 23:14:58.000000000 +0000
# +++ /mnt/nvme/work/pg_noassert/src/test/regress/results/select_distinct.out	2026-09-10 03:04:10.862695489 +0000
# @@ -506,12 +506,13 @@
#                                    QUERY PLAN                                  
#  ------------------------------------------------------------------------------
#   Unique
# +   Disabled: true
#     ->  Incremental Sort
#           Sort Key: s.x, s.y
#           Presorted Key: s.x
#           ->  Subquery Scan on s
#                 ->  Index Only Scan using distinct_tbl_x_y_idx on distinct_tbl
# -(6 rows)
# +(7 rows)
#  
#  SELECT DISTINCT y, x FROM (SELECT * FROM distinct_tbl ORDER BY x) s;
#   y | x 
not ok 99    + select_distinct                           355 ms
ok 100       + select_distinct_on                        104 ms
ok 101       + select_implicit                           108 ms
ok 102       + select_having                              91 ms
ok 103       + subselect                                 530 ms
# diff -U3 /mnt/nvme/work/pg_noassert/src/test/regress/expected/union.out /mnt/nvme/work/pg_noassert/src/test/regress/results/union.out
# --- /mnt/nvme/work/pg_noassert/src/test/regress/expected/union.out	2026-09-09 23:14:58.000000000 +0000
# +++ /mnt/nvme/work/pg_noassert/src/test/regress/results/union.out	2026-09-10 03:04:10.788430551 +0000
# @@ -461,12 +461,11 @@
#                              QUERY PLAN                            
#  ------------------------------------------------------------------
#   Aggregate
# -   ->  SetOp Intersect
# -         ->  Sort
# -               Sort Key: tenk1.fivethous
# -               ->  Seq Scan on tenk1
# +   ->  HashSetOp Intersect
# +         Disabled: true
# +         ->  Seq Scan on tenk1
#           ->  Index Only Scan using tenk1_unique1 on tenk1 tenk1_1
# -(6 rows)
# +(5 rows)
#  
#  select count(*) from
#    ( select unique1 from tenk1 intersect select fivethous from tenk1 ) ss;
# @@ -480,10 +479,11 @@
#                           QUERY PLAN                         
#  ------------------------------------------------------------
#   SetOp Except
# +   Disabled: true
#     ->  Index Only Scan using tenk1_unique1 on tenk1
#     ->  Index Only Scan using tenk1_unique2 on tenk1 tenk1_1
#           Filter: (unique2 <> 10)
# -(4 rows)
# +(5 rows)
#  
#  select unique1 from tenk1 except select unique2 from tenk1 where unique2 != 10;
#   unique1 
# @@ -499,11 +499,12 @@
#   Append
#     ->  Seq Scan on int4_tbl
#     ->  Unique
# +         Disabled: true
#           ->  Merge Append
#                 Sort Key: tenk1.unique1
#                 ->  Index Only Scan using tenk1_unique1 on tenk1
#                 ->  Index Only Scan using tenk1_unique2 on tenk1 tenk1_1
# -(7 rows)
# +(8 rows)
#  
#  reset enable_hashagg;
#  -- non-hashable type
# @@ -513,12 +514,13 @@
#                    QUERY PLAN                   
#  -----------------------------------------------
#   Unique
# +   Disabled: true
#     ->  Sort
#           Sort Key: "*VALUES*".column1
#           ->  Append
#                 ->  Values Scan on "*VALUES*"
#                 ->  Values Scan on "*VALUES*_1"
# -(6 rows)
# +(7 rows)
#  
#  set enable_hashagg to off;
#  explain (costs off)
# (diff output truncated and silencing output for further failing tests...)
not ok 104   + union                                     280 ms
ok 105       + case                                      116 ms
# (diff output truncated and silencing output for further failing tests...)
not ok 106   + join                                      990 ms
# (diff output truncated and silencing output for further failing tests...)
not ok 107   + aggregates                               1053 ms
ok 108       + transactions                              357 ms
ok 109       + random                                    142 ms
ok 110       + portals                                   283 ms
ok 111       + arrays                                    335 ms
ok 112       + btree_index                              2708 ms
ok 113       + hash_index                               1032 ms
ok 114       + update                                    508 ms
ok 115       + delete                                     96 ms
ok 116       + namespace                                 128 ms
ok 117       + prepared_xacts                            145 ms
# parallel group (20 tests):  init_privs drop_operator security_label tablesample join_hash rowsecurity matview privileges replica_identity object_address groupingsets password generated_stored identity brin gin gist collate spgist lock
# (diff output truncated and silencing output for further failing tests...)
not ok 118   + brin                                   790209 ms
# (test process exited with exit code 2)
# (diff output truncated and silencing output for further failing tests...)
not ok 119   + gin                                    790209 ms
# (test process exited with exit code 2)
# (diff output truncated and silencing output for further failing tests...)
not ok 120   + gist                                   790209 ms
# (test process exited with exit code 2)
# (diff output truncated and silencing output for further failing tests...)
not ok 121   + spgist                                 790209 ms
# (test process exited with exit code 2)
# (diff output truncated and silencing output for further failing tests...)
not ok 122   + privileges                             790209 ms
# (test process exited with exit code 2)
ok 123       + init_privs                                 64 ms
ok 124       + security_label                             87 ms
# (diff output truncated and silencing output for further failing tests...)
not ok 125   + collate                                790209 ms
# (test process exited with exit code 2)
# (diff output truncated and silencing output for further failing tests...)
not ok 126   + matview                                790208 ms
# (test process exited with exit code 2)
# (diff output truncated and silencing output for further failing tests...)
not ok 127   + lock                                   790208 ms
# (test process exited with exit code 2)
# (diff output truncated and silencing output for further failing tests...)
not ok 128   + replica_identity                       790208 ms
# (test process exited with exit code 2)
# (diff output truncated and silencing output for further failing tests...)
not ok 129   + rowsecurity                            790208 ms
# (test process exited with exit code 2)
# (diff output truncated and silencing output for further failing tests...)
not ok 130   + object_address                         790208 ms
# (test process exited with exit code 2)
ok 131       + tablesample                               132 ms
# (diff output truncated and silencing output for further failing tests...)
not ok 132   + groupingsets                           790208 ms
# (test process exited with exit code 2)
ok 133       + drop_operator                              76 ms
# (diff output truncated and silencing output for further failing tests...)
not ok 134   + password                               790208 ms
# (test process exited with exit code 2)
# (diff output truncated and silencing output for further failing tests...)
not ok 135   + identity                               790207 ms
# (test process exited with exit code 2)
# (diff output truncated and silencing output for further failing tests...)
not ok 136   + generated_stored                       790207 ms
# (test process exited with exit code 2)
# (diff output truncated and silencing output for further failing tests...)
not ok 137   + join_hash                              790207 ms
# (test process exited with exit code 2)
# parallel group (2 tests):  brin_bloom brin_multi
# (diff output truncated and silencing output for further failing tests...)
not ok 138   + brin_bloom                                  3 ms
# (test process exited with exit code 2)
# (diff output truncated and silencing output for further failing tests...)
not ok 139   + brin_multi                                  3 ms
# (test process exited with exit code 2)
# parallel group (20 tests):  create_table_like alter_generic alter_operator misc async dbsize merge nls misc_functions tsrf tid tidrangescan tidscan collate.utf8 sysviews collate.icu.utf8 create_role without_overlaps generated_virtual incremental_sort
# (diff output truncated and silencing output for further failing tests...)
not ok 140   + create_table_like                           3 ms
# (test process exited with exit code 2)
# (diff output truncated and silencing output for further failing tests...)
not ok 141   + alter_generic                               3 ms
# (test process exited with exit code 2)
# (diff output truncated and silencing output for further failing tests...)
not ok 142   + alter_operator                              3 ms
# (test process exited with exit code 2)
# (diff output truncated and silencing output for further failing tests...)
not ok 143   + misc                                        3 ms
# (test process exited with exit code 2)
# (diff output truncated and silencing output for further failing tests...)
not ok 144   + async                                       3 ms
# (test process exited with exit code 2)
# (diff output truncated and silencing output for further failing tests...)
not ok 145   + dbsize                                      3 ms
# (test process exited with exit code 2)
# (diff output truncated and silencing output for further failing tests...)
not ok 146   + merge                                       3 ms
# (test process exited with exit code 2)
# (diff output truncated and silencing output for further failing tests...)
not ok 147   + misc_functions                              3 ms
# (test process exited with exit code 2)
# (diff output truncated and silencing output for further failing tests...)
not ok 148   + nls                                         3 ms
# (test process exited with exit code 2)
# (diff output truncated and silencing output for further failing tests...)
not ok 149   + sysviews                                    4 ms
# (test process exited with exit code 2)
# (diff output truncated and silencing output for further failing tests...)
not ok 150   + tsrf                                        3 ms
# (test process exited with exit code 2)
# (diff output truncated and silencing output for further failing tests...)
not ok 151   + tid                                         3 ms
# (test process exited with exit code 2)
# (diff output truncated and silencing output for further failing tests...)
not ok 152   + tidscan                                     3 ms
# (test process exited with exit code 2)
# (diff output truncated and silencing output for further failing tests...)
not ok 153   + tidrangescan                                3 ms
# (test process exited with exit code 2)
# (diff output truncated and silencing output for further failing tests...)
not ok 154   + collate.utf8                                3 ms
# (test process exited with exit code 2)
# (diff output truncated and silencing output for further failing tests...)
not ok 155   + collate.icu.utf8                            3 ms
# (test process exited with exit code 2)
# (diff output truncated and silencing output for further failing tests...)
not ok 156   + incremental_sort                            4 ms
# (test process exited with exit code 2)
# (diff output truncated and silencing output for further failing tests...)
not ok 157   + create_role                                 3 ms
# (test process exited with exit code 2)
# (diff output truncated and silencing output for further failing tests...)
not ok 158   + without_overlaps                            3 ms
# (test process exited with exit code 2)
# (diff output truncated and silencing output for further failing tests...)
not ok 159   + generated_virtual                           3 ms
# (test process exited with exit code 2)
# parallel group (8 tests):  rules psql psql_crosstab psql_pipeline amutils stats_ext collate.linux.utf8 collate.windows.win1252
# (diff output truncated and silencing output for further failing tests...)
not ok 160   + rules                                       3 ms
# (test process exited with exit code 2)
# (diff output truncated and silencing output for further failing tests...)
not ok 161   + psql                                        3 ms
# (test process exited with exit code 2)
# (diff output truncated and silencing output for further failing tests...)
not ok 162   + psql_crosstab                               3 ms
# (test process exited with exit code 2)
# (diff output truncated and silencing output for further failing tests...)
not ok 163   + psql_pipeline                               3 ms
# (test process exited with exit code 2)
# (diff output truncated and silencing output for further failing tests...)
not ok 164   + amutils                                     3 ms
# (test process exited with exit code 2)
# (diff output truncated and silencing output for further failing tests...)
not ok 165   + stats_ext                                   3 ms
# (test process exited with exit code 2)
# (diff output truncated and silencing output for further failing tests...)
not ok 166   + collate.linux.utf8                          3 ms
# (test process exited with exit code 2)
# (diff output truncated and silencing output for further failing tests...)
not ok 167   + collate.windows.win1252                     3 ms
# (test process exited with exit code 2)
# (diff output truncated and silencing output for further failing tests...)
not ok 168   - select_parallel                             3 ms
# (test process exited with exit code 2)
# (diff output truncated and silencing output for further failing tests...)
not ok 169   - write_parallel                              3 ms
# (test process exited with exit code 2)
# (diff output truncated and silencing output for further failing tests...)
not ok 170   - vacuum_parallel                             3 ms
# (test process exited with exit code 2)
# (diff output truncated and silencing output for further failing tests...)
not ok 171   - maintain_every                              3 ms
# (test process exited with exit code 2)
# parallel group (2 tests):  publication subscription
# (diff output truncated and silencing output for further failing tests...)
not ok 172   + publication                                 3 ms
# (test process exited with exit code 2)
# (diff output truncated and silencing output for further failing tests...)
not ok 173   + subscription                                3 ms
# (test process exited with exit code 2)
# parallel group (18 tests):  select_views portals_p2 foreign_key dependency guc bitmapops combocid tsearch tsdicts foreign_data window xmlmap functional_deps equivclass advisory_lock indirect_toast stats_rewrite graph_table
# (diff output truncated and silencing output for further failing tests...)
not ok 174   + select_views                                3 ms
# (test process exited with exit code 2)
# (diff output truncated and silencing output for further failing tests...)
not ok 175   + portals_p2                                  3 ms
# (test process exited with exit code 2)
# (diff output truncated and silencing output for further failing tests...)
not ok 176   + foreign_key                                 3 ms
# (test process exited with exit code 2)
# (diff output truncated and silencing output for further failing tests...)
not ok 177   + dependency                                  3 ms
# (test process exited with exit code 2)
# (diff output truncated and silencing output for further failing tests...)
not ok 178   + guc                                         3 ms
# (test process exited with exit code 2)
# (diff output truncated and silencing output for further failing tests...)
not ok 179   + bitmapops                                   3 ms
# (test process exited with exit code 2)
# (diff output truncated and silencing output for further failing tests...)
not ok 180   + combocid                                    3 ms
# (test process exited with exit code 2)
# (diff output truncated and silencing output for further failing tests...)
not ok 181   + tsearch                                     3 ms
# (test process exited with exit code 2)
# (diff output truncated and silencing output for further failing tests...)
not ok 182   + tsdicts                                     3 ms
# (test process exited with exit code 2)
# (diff output truncated and silencing output for further failing tests...)
not ok 183   + foreign_data                                3 ms
# (test process exited with exit code 2)
# (diff output truncated and silencing output for further failing tests...)
not ok 184   + window                                      3 ms
# (test process exited with exit code 2)
# (diff output truncated and silencing output for further failing tests...)
not ok 185   + xmlmap                                      3 ms
# (test process exited with exit code 2)
# (diff output truncated and silencing output for further failing tests...)
not ok 186   + functional_deps                             3 ms
# (test process exited with exit code 2)
# (diff output truncated and silencing output for further failing tests...)
not ok 187   + advisory_lock                               3 ms
# (test process exited with exit code 2)
# (diff output truncated and silencing output for further failing tests...)
not ok 188   + indirect_toast                              3 ms
# (test process exited with exit code 2)
# (diff output truncated and silencing output for further failing tests...)
not ok 189   + equivclass                                  3 ms
# (test process exited with exit code 2)
# (diff output truncated and silencing output for further failing tests...)
not ok 190   + stats_rewrite                               3 ms
# (test process exited with exit code 2)
# (diff output truncated and silencing output for further failing tests...)
not ok 191   + graph_table                                 3 ms
# (test process exited with exit code 2)
# parallel group (9 tests):  json jsonb json_encoding jsonpath jsonpath_encoding jsonb_jsonpath sqljson sqljson_queryfuncs sqljson_jsontable
# (diff output truncated and silencing output for further failing tests...)
not ok 192   + json                                        3 ms
# (test process exited with exit code 2)
# (diff output truncated and silencing output for further failing tests...)
not ok 193   + jsonb                                       3 ms
# (test process exited with exit code 2)
# (diff output truncated and silencing output for further failing tests...)
not ok 194   + json_encoding                               3 ms
# (test process exited with exit code 2)
# (diff output truncated and silencing output for further failing tests...)
not ok 195   + jsonpath                                    3 ms
# (test process exited with exit code 2)
# (diff output truncated and silencing output for further failing tests...)
not ok 196   + jsonpath_encoding                           3 ms
# (test process exited with exit code 2)
# (diff output truncated and silencing output for further failing tests...)
not ok 197   + jsonb_jsonpath                              3 ms
# (test process exited with exit code 2)
# (diff output truncated and silencing output for further failing tests...)
not ok 198   + sqljson                                     3 ms
# (test process exited with exit code 2)
# (diff output truncated and silencing output for further failing tests...)
not ok 199   + sqljson_queryfuncs                          3 ms
# (test process exited with exit code 2)
# (diff output truncated and silencing output for further failing tests...)
not ok 200   + sqljson_jsontable                           3 ms
# (test process exited with exit code 2)
# parallel group (18 tests):  plancache limit plpgsql copy2 temp domain rangefuncs prepare conversion truncate alter_table sequence polymorphism largeobject returning rowtypes with xml
# (diff output truncated and silencing output for further failing tests...)
not ok 201   + plancache                                   3 ms
# (test process exited with exit code 2)
# (diff output truncated and silencing output for further failing tests...)
not ok 202   + limit                                       3 ms
# (test process exited with exit code 2)
# (diff output truncated and silencing output for further failing tests...)
not ok 203   + plpgsql                                     3 ms
# (test process exited with exit code 2)
# (diff output truncated and silencing output for further failing tests...)
not ok 204   + copy2                                       3 ms
# (test process exited with exit code 2)
# (diff output truncated and silencing output for further failing tests...)
not ok 205   + temp                                        3 ms
# (test process exited with exit code 2)
# (diff output truncated and silencing output for further failing tests...)
not ok 206   + domain                                      3 ms
# (test process exited with exit code 2)
# (diff output truncated and silencing output for further failing tests...)
not ok 207   + rangefuncs                                  3 ms
# (test process exited with exit code 2)
# (diff output truncated and silencing output for further failing tests...)
not ok 208   + prepare                                     3 ms
# (test process exited with exit code 2)
# (diff output truncated and silencing output for further failing tests...)
not ok 209   + conversion                                  3 ms
# (test process exited with exit code 2)
# (diff output truncated and silencing output for further failing tests...)
not ok 210   + truncate                                    3 ms
# (test process exited with exit code 2)
# (diff output truncated and silencing output for further failing tests...)
not ok 211   + alter_table                                 3 ms
# (test process exited with exit code 2)
# (diff output truncated and silencing output for further failing tests...)
not ok 212   + sequence                                    3 ms
# (test process exited with exit code 2)
# (diff output truncated and silencing output for further failing tests...)
not ok 213   + polymorphism                                3 ms
# (test process exited with exit code 2)
# (diff output truncated and silencing output for further failing tests...)
not ok 214   + rowtypes                                    3 ms
# (test process exited with exit code 2)
# (diff output truncated and silencing output for further failing tests...)
not ok 215   + returning                                   3 ms
# (test process exited with exit code 2)
# (diff output truncated and silencing output for further failing tests...)
not ok 216   + largeobject                                 3 ms
# (test process exited with exit code 2)
# (diff output truncated and silencing output for further failing tests...)
not ok 217   + with                                        3 ms
# (test process exited with exit code 2)
# (diff output truncated and silencing output for further failing tests...)
not ok 218   + xml                                         3 ms
# (test process exited with exit code 2)
# parallel group (18 tests):  partition_merge partition_split partition_join partition_prune reloptions hash_part indexing partition_aggregate partition_info tuplesort explain memoize stats eager_aggregate predicate numa graph_table_rls planner_est
# (diff output truncated and silencing output for further failing tests...)
not ok 219   + partition_merge                             3 ms
# (test process exited with exit code 2)
# (diff output truncated and silencing output for further failing tests...)
not ok 220   + partition_split                             3 ms
# (test process exited with exit code 2)
# (diff output truncated and silencing output for further failing tests...)
not ok 221   + partition_join                              3 ms
# (test process exited with exit code 2)
# (diff output truncated and silencing output for further failing tests...)
not ok 222   + partition_prune                             3 ms
# (test process exited with exit code 2)
# (diff output truncated and silencing output for further failing tests...)
not ok 223   + reloptions                                  3 ms
# (test process exited with exit code 2)
# (diff output truncated and silencing output for further failing tests...)
not ok 224   + hash_part                                   3 ms
# (test process exited with exit code 2)
# (diff output truncated and silencing output for further failing tests...)
not ok 225   + indexing                                    3 ms
# (test process exited with exit code 2)
# (diff output truncated and silencing output for further failing tests...)
not ok 226   + partition_aggregate                         3 ms
# (test process exited with exit code 2)
# (diff output truncated and silencing output for further failing tests...)
not ok 227   + partition_info                              3 ms
# (test process exited with exit code 2)
# (diff output truncated and silencing output for further failing tests...)
not ok 228   + tuplesort                                   3 ms
# (test process exited with exit code 2)
# (diff output truncated and silencing output for further failing tests...)
not ok 229   + explain                                     3 ms
# (test process exited with exit code 2)
# (diff output truncated and silencing output for further failing tests...)
not ok 230   + memoize                                     3 ms
# (test process exited with exit code 2)
# (diff output truncated and silencing output for further failing tests...)
not ok 231   + stats                                       3 ms
# (test process exited with exit code 2)
# (diff output truncated and silencing output for further failing tests...)
not ok 232   + predicate                                   3 ms
# (test process exited with exit code 2)
# (diff output truncated and silencing output for further failing tests...)
not ok 233   + numa                                        3 ms
# (test process exited with exit code 2)
# (diff output truncated and silencing output for further failing tests...)
not ok 234   + eager_aggregate                             3 ms
# (test process exited with exit code 2)
# (diff output truncated and silencing output for further failing tests...)
not ok 235   + graph_table_rls                             3 ms
# (test process exited with exit code 2)
# (diff output truncated and silencing output for further failing tests...)
not ok 236   + planner_est                                 3 ms
# (test process exited with exit code 2)
# parallel group (4 tests):  compression compression_lz4 compression_pglz cluster
# (diff output truncated and silencing output for further failing tests...)
not ok 237   + compression                                 3 ms
# (test process exited with exit code 2)
# (diff output truncated and silencing output for further failing tests...)
not ok 238   + compression_lz4                             3 ms
# (test process exited with exit code 2)
# (diff output truncated and silencing output for further failing tests...)
not ok 239   + compression_pglz                            3 ms
# (test process exited with exit code 2)
# (diff output truncated and silencing output for further failing tests...)
not ok 240   + cluster                                     3 ms
# (test process exited with exit code 2)
# parallel group (2 tests):  oidjoins event_trigger
# (diff output truncated and silencing output for further failing tests...)
not ok 241   + oidjoins                                    3 ms
# (test process exited with exit code 2)
# (diff output truncated and silencing output for further failing tests...)
not ok 242   + event_trigger                               3 ms
# (test process exited with exit code 2)
# (diff output truncated and silencing output for further failing tests...)
not ok 243   - event_trigger_login                         3 ms
# (test process exited with exit code 2)
# (diff output truncated and silencing output for further failing tests...)
not ok 244   - fast_default                                3 ms
# (test process exited with exit code 2)
# (diff output truncated and silencing output for further failing tests...)
not ok 245   - tablespace                                  3 ms
# (test process exited with exit code 2)
pg_ctl: could not send stop signal (PID: 105926): No such process
# could not stop postmaster: exit code was 256
Bail out!gmake[1]: *** [GNUmakefile:116: check-threaded] Error 2
gmake[1]: Leaving directory '/mnt/nvme/work/pg_noassert/src/test/regress'
gmake: *** [GNUmakefile:85: check-threaded] Error 2
EXIT=2
