gmake -C ./src/backend generated-headers
gmake[1]: Entering directory '/mnt/nvme/work/pg_noassert/src/backend'
gmake -C ../include/catalog generated-headers
gmake[2]: Entering directory '/mnt/nvme/work/pg_noassert/src/include/catalog'
gmake[2]: Nothing to be done for 'generated-headers'.
gmake[2]: Leaving directory '/mnt/nvme/work/pg_noassert/src/include/catalog'
gmake -C nodes generated-header-symlinks
gmake[2]: Entering directory '/mnt/nvme/work/pg_noassert/src/backend/nodes'
gmake[2]: Nothing to be done for 'generated-header-symlinks'.
gmake[2]: Leaving directory '/mnt/nvme/work/pg_noassert/src/backend/nodes'
gmake -C utils generated-header-symlinks
gmake[2]: Entering directory '/mnt/nvme/work/pg_noassert/src/backend/utils'
gmake -C adt jsonpath_gram.h
gmake[3]: Entering directory '/mnt/nvme/work/pg_noassert/src/backend/utils/adt'
gmake[3]: 'jsonpath_gram.h' is up to date.
gmake[3]: Leaving directory '/mnt/nvme/work/pg_noassert/src/backend/utils/adt'
gmake[2]: Leaving directory '/mnt/nvme/work/pg_noassert/src/backend/utils'
gmake[1]: Leaving directory '/mnt/nvme/work/pg_noassert/src/backend'
rm -rf '/mnt/nvme/work/pg_noassert'/tmp_install
/usr/bin/mkdir -p '/mnt/nvme/work/pg_noassert'/tmp_install/log
gmake -C '.' DESTDIR='/mnt/nvme/work/pg_noassert'/tmp_install install >'/mnt/nvme/work/pg_noassert'/tmp_install/log/install.log 2>&1
gmake -j1 -C src/test/regress checkprep >>'/mnt/nvme/work/pg_noassert'/tmp_install/log/install.log 2>&1
if test x'linux' = xdarwin; then find '/mnt/nvme/work/pg_noassert'/tmp_install/usr/local/pgsql/bin '/mnt/nvme/work/pg_noassert'/tmp_install/usr/local/pgsql/lib -type f | while read f; do if otool -L "$f" 2>/dev/null | grep -q '/usr/local/pgsql/lib/libpq.5.so'; then install_name_tool -change '/usr/local/pgsql/lib/libpq.5.so' '/mnt/nvme/work/pg_noassert'/tmp_install/usr/local/pgsql/lib/libpq.5.so "$f"; fi; done; fi
PATH="/mnt/nvme/work/pg_noassert/tmp_install/usr/local/pgsql/bin:/mnt/nvme/work/pg_noassert:$PATH" LD_LIBRARY_PATH="/mnt/nvme/work/pg_noassert/tmp_install/usr/local/pgsql/lib" INITDB_TEMPLATE='/mnt/nvme/work/pg_noassert'/tmp_install/initdb-template  initdb --auth trust --no-sync --no-instructions --lc-messages=C --no-clean '/mnt/nvme/work/pg_noassert'/tmp_install/initdb-template >>'/mnt/nvme/work/pg_noassert'/tmp_install/log/initdb-template.log 2>&1
gmake -C src/test/regress check-threaded
gmake[1]: Entering directory '/mnt/nvme/work/pg_noassert/src/test/regress'
gmake -C ../../../src/port all
gmake[2]: Entering directory '/mnt/nvme/work/pg_noassert/src/port'
gmake[2]: Nothing to be done for 'all'.
gmake[2]: Leaving directory '/mnt/nvme/work/pg_noassert/src/port'
gmake -C ../../../src/common all
gmake[2]: Entering directory '/mnt/nvme/work/pg_noassert/src/common'
gmake[2]: Nothing to be done for 'all'.
gmake[2]: Leaving directory '/mnt/nvme/work/pg_noassert/src/common'
echo "# +++ regress check in src/test/regress +++" && PATH="/mnt/nvme/work/pg_noassert/tmp_install/usr/local/pgsql/bin:/mnt/nvme/work/pg_noassert/src/test/regress:$PATH" LD_LIBRARY_PATH="/mnt/nvme/work/pg_noassert/tmp_install/usr/local/pgsql/lib" INITDB_TEMPLATE='/mnt/nvme/work/pg_noassert'/tmp_install/initdb-template  ../../../src/test/regress/pg_regress --temp-instance=./tmp_check --inputdir=. --bindir=     --temp-config=./threaded_smoke.conf --dlpath=. --max-concurrent-tests=20  --schedule=./parallel_schedule  
# +++ regress check in src/test/regress +++
# initializing database system by copying initdb template
# using temp instance on port 52544 with PID 102296
ok 1         - test_setup                                404 ms
# parallel group (20 tests):  varchar oid char pg_lsn txid money text int2 name regproc int8 boolean int4 float4 bit float8 enum uuid numeric rangetypes
ok 2         + boolean                                   105 ms
ok 3         + char                                       77 ms
ok 4         + name                                       90 ms
ok 5         + varchar                                    70 ms
ok 6         + text                                       87 ms
ok 7         + int2                                       88 ms
ok 8         + int4                                      106 ms
ok 9         + int8                                       97 ms
ok 10        + oid                                        75 ms
ok 11        + float4                                    107 ms
ok 12        + float8                                    146 ms
ok 13        + bit                                       129 ms
ok 14        + numeric                                   398 ms
ok 15        + txid                                       77 ms
ok 16        + uuid                                      168 ms
ok 17        + enum                                      146 ms
ok 18        + money                                      85 ms
ok 19        + rangetypes                                594 ms
ok 20        + pg_lsn                                     75 ms
ok 21        + regproc                                    88 ms
# parallel group (20 tests):  md5 lseg path circle line time macaddr macaddr8 timetz point numerology inet interval strings date multirangetypes timestamp timestamptz box polygon
ok 22        + strings                                   227 ms
ok 23        + md5                                        65 ms
ok 24        + numerology                                100 ms
ok 25        + point                                      86 ms
ok 26        + lseg                                       66 ms
ok 27        + line                                       71 ms
ok 28        + box                                       487 ms
ok 29        + path                                       69 ms
ok 30        + polygon                                   494 ms
ok 31        + circle                                     71 ms
ok 32        + date                                      340 ms
ok 33        + time                                       75 ms
ok 34        + timetz                                     84 ms
ok 35        + timestamp                                 397 ms
ok 36        + timestamptz                               450 ms
ok 37        + interval                                  153 ms
ok 38        + inet                                      102 ms
ok 39        + macaddr                                    77 ms
ok 40        + macaddr8                                   82 ms
ok 41        + multirangetypes                           387 ms
# parallel group (19 tests):  comments euc_kr unicode misc_sanity pg_ndistinct pg_dependencies oid8 xid encoding horology mvcc tstypes geometry type_sanity expressions regex stats_import database opr_sanity
ok 42        + geometry                                  180 ms
ok 43        + horology                                  152 ms
ok 44        + tstypes                                   173 ms
ok 45        + regex                                     354 ms
ok 46        + type_sanity                               180 ms
ok 47        + opr_sanity                                519 ms
ok 48        + misc_sanity                                72 ms
ok 49        + comments                                   59 ms
ok 50        + expressions                               180 ms
ok 51        + unicode                                    72 ms
ok 52        + xid                                       102 ms
ok 53        + mvcc                                      154 ms
ok 54        + database                                  418 ms
ok 55        + stats_import                              409 ms
ok 56        + pg_ndistinct                               84 ms
ok 57        + pg_dependencies                            88 ms
ok 58        + oid8                                       90 ms
ok 59        + encoding                                  105 ms
ok 60        + euc_kr                                     66 ms
# parallel group (6 tests):  copyencoding copyselect copydml copy insert_conflict insert
ok 61        + copy                                      190 ms
ok 62        + copyselect                                 51 ms
ok 63        + copydml                                    53 ms
ok 64        + copyencoding                               36 ms
ok 65        + insert                                    446 ms
ok 66        + insert_conflict                           216 ms
# parallel group (7 tests):  create_function_c create_operator create_type create_procedure create_misc create_schema create_table
ok 67        + create_function_c                          26 ms
ok 68        + create_misc                               102 ms
ok 69        + create_operator                            40 ms
ok 70        + create_procedure                           98 ms
ok 71        + create_table                              453 ms
ok 72        + create_type                                56 ms
ok 73        + create_schema                             126 ms
# parallel group (5 tests):  index_including create_index_spgist create_view create_index index_including_gist
ok 74        + create_index                             1195 ms
ok 75        + create_index_spgist                       755 ms
ok 76        + create_view                               883 ms
ok 77        + index_including                           478 ms
ok 78        + index_including_gist                     1632 ms
# parallel group (18 tests):  create_cast infinite_recurse errors create_aggregate select hash_func roleattributes drop_if_exists vacuum constraints typed_table create_function_sql triggers updatable_views create_am create_property_graph for_portion_of inherit
ok 79        + create_aggregate                           96 ms
# diff -U3 /mnt/nvme/work/pg_noassert/src/test/regress/expected/create_function_sql.out /mnt/nvme/work/pg_noassert/src/test/regress/results/create_function_sql.out
# --- /mnt/nvme/work/pg_noassert/src/test/regress/expected/create_function_sql.out	2026-09-09 23:14:58.000000000 +0000
# +++ /mnt/nvme/work/pg_noassert/src/test/regress/results/create_function_sql.out	2026-09-10 03:03:29.910032135 +0000
# @@ -754,90 +754,7 @@
#    FUNCTION 2 part_hashint4_error(int4, int8);
#  CREATE TABLE pt(i int) PARTITION BY hash (i part_test_int4_ops_bad);
#  CREATE TABLE p1 PARTITION OF pt FOR VALUES WITH (modulus 4, remainder 0);
# -INSERT INTO pt VALUES (1);
# -ERROR:  division by zero
# -CONTEXT:  SQL function "part_hashint4_error" statement 1
# -INSERT INTO pt VALUES (1);
# -ERROR:  division by zero
# -CONTEXT:  SQL function "part_hashint4_error" statement 1
# --- Things that shouldn't work:
# -CREATE FUNCTION test1 (int) RETURNS int LANGUAGE SQL
# -    AS 'SELECT ''not an integer'';';
# -ERROR:  return type mismatch in function declared to return integer
# -DETAIL:  Actual return type is text.
# -CONTEXT:  SQL function "test1"
# -CREATE FUNCTION test1 (int) RETURNS int LANGUAGE SQL
# -    AS 'not even SQL';
# -ERROR:  syntax error at or near "not"
# -LINE 2:     AS 'not even SQL';
# -                ^
# -CREATE FUNCTION test1 (int) RETURNS int LANGUAGE SQL
# -    AS 'SELECT 1, 2, 3;';
# -ERROR:  return type mismatch in function declared to return integer
# -DETAIL:  Final statement must return exactly one column.
# -CONTEXT:  SQL function "test1"
# -CREATE FUNCTION test1 (int) RETURNS int LANGUAGE SQL
# -    AS 'SELECT $2;';
# -ERROR:  there is no parameter $2
# -LINE 2:     AS 'SELECT $2;';
# -                       ^
# -CREATE FUNCTION test1 (int) RETURNS int LANGUAGE SQL
# -    AS 'a', 'b';
# -ERROR:  only one AS item needed for language "sql"
# -CREATE FUNCTION test1 (int) RETURNS int LANGUAGE SQL
# -    AS '';
# -ERROR:  return type mismatch in function declared to return integer
# -DETAIL:  Function's final statement must be SELECT or INSERT/UPDATE/DELETE/MERGE RETURNING.
# -CONTEXT:  SQL function "test1"
# --- make sure empty-body case is handled at execution time, too
# -SET check_function_bodies = off;
# -CREATE FUNCTION test1 (anyelement) RETURNS anyarray LANGUAGE SQL
# -    AS '';
# -SELECT test1(0);
# -ERROR:  return type mismatch in function declared to return integer[]
# -DETAIL:  Function's final statement must be SELECT or INSERT/UPDATE/DELETE/MERGE RETURNING.
# -CONTEXT:  SQL function "test1" during startup
# -RESET check_function_bodies;
# --- Cleanup
# -DROP SCHEMA temp_func_test CASCADE;
# -NOTICE:  drop cascades to 38 other objects
# -DETAIL:  drop cascades to function functest_a_1(text,date)
# -drop cascades to function functest_a_2(text[])
# -drop cascades to function functest_a_3()
# -drop cascades to function functest_b_2(integer)
# -drop cascades to function functest_b_3(integer)
# -drop cascades to function functest_b_4(integer)
# -drop cascades to function functest_c_1(integer)
# -drop cascades to function functest_c_2(integer)
# -drop cascades to function functest_c_3(integer)
# -drop cascades to function functest_e_1(integer)
# -drop cascades to function functest_e_2(integer)
# -drop cascades to function functest_f_1(integer)
# -drop cascades to function functest_f_2(integer)
# -drop cascades to function functest_f_3(integer)
# -drop cascades to function functest_f_4(integer)
# -drop cascades to function functest_s_1(text,date)
# -drop cascades to function functest_s_2(text[])
# -drop cascades to function functest_s_3()
# -drop cascades to function functest_s_3a()
# -drop cascades to function functest_s_10(text,date)
# -drop cascades to function functest_s_13()
# -drop cascades to function functest_s_15(integer)
# -drop cascades to function functest_b_2(bigint)
# -drop cascades to function functest_srf0()
# -drop cascades to function functest_sri1()
# -drop cascades to function voidtest1(integer)
# (diff output truncated and silencing output for further failing tests...)
not ok 80    + create_function_sql                    795056 ms
# (test process exited with exit code 2)
ok 81        + create_cast                                69 ms
# (diff output truncated and silencing output for further failing tests...)
not ok 82    + constraints                            795056 ms
# (test process exited with exit code 2)
# (diff output truncated and silencing output for further failing tests...)
not ok 83    + triggers                               795056 ms
# (test process exited with exit code 2)
ok 84        + select                                    118 ms
# (diff output truncated and silencing output for further failing tests...)
not ok 85    + inherit                                795056 ms
# (test process exited with exit code 2)
# (diff output truncated and silencing output for further failing tests...)
not ok 86    + typed_table                            795055 ms
# (test process exited with exit code 2)
# (diff output truncated and silencing output for further failing tests...)
not ok 87    + vacuum                                 795055 ms
# (test process exited with exit code 2)
ok 88        + drop_if_exists                            153 ms
# (diff output truncated and silencing output for further failing tests...)
not ok 89    + updatable_views                        795055 ms
# (test process exited with exit code 2)
ok 90        + roleattributes                            122 ms
# (diff output truncated and silencing output for further failing tests...)
not ok 91    + create_am                              795055 ms
# (test process exited with exit code 2)
ok 92        + hash_func                                 119 ms
ok 93        + errors                                     93 ms
ok 94        + infinite_recurse                           91 ms
# (diff output truncated and silencing output for further failing tests...)
not ok 95    + create_property_graph                  795054 ms
# (test process exited with exit code 2)
# (diff output truncated and silencing output for further failing tests...)
not ok 96    + for_portion_of                         795054 ms
# (test process exited with exit code 2)
# (diff output truncated and silencing output for further failing tests...)
not ok 97    - sanity_check                                3 ms
# (test process exited with exit code 2)
# parallel group (20 tests):  select_distinct select_distinct_on select_implicit select_into select_having subselect union case join aggregates transactions random portals arrays hash_index btree_index update delete namespace prepared_xacts
# (diff output truncated and silencing output for further failing tests...)
not ok 98    + select_into                                 3 ms
# (test process exited with exit code 2)
# (diff output truncated and silencing output for further failing tests...)
not ok 99    + select_distinct                             3 ms
# (test process exited with exit code 2)
# (diff output truncated and silencing output for further failing tests...)
not ok 100   + select_distinct_on                          3 ms
# (test process exited with exit code 2)
# (diff output truncated and silencing output for further failing tests...)
not ok 101   + select_implicit                             3 ms
# (test process exited with exit code 2)
# (diff output truncated and silencing output for further failing tests...)
not ok 102   + select_having                               3 ms
# (test process exited with exit code 2)
# (diff output truncated and silencing output for further failing tests...)
not ok 103   + subselect                                   3 ms
# (test process exited with exit code 2)
# (diff output truncated and silencing output for further failing tests...)
not ok 104   + union                                       3 ms
# (test process exited with exit code 2)
# (diff output truncated and silencing output for further failing tests...)
not ok 105   + case                                        3 ms
# (test process exited with exit code 2)
# (diff output truncated and silencing output for further failing tests...)
not ok 106   + join                                        3 ms
# (test process exited with exit code 2)
# (diff output truncated and silencing output for further failing tests...)
not ok 107   + aggregates                                  3 ms
# (test process exited with exit code 2)
# (diff output truncated and silencing output for further failing tests...)
not ok 108   + transactions                                3 ms
# (test process exited with exit code 2)
# (diff output truncated and silencing output for further failing tests...)
not ok 109   + random                                      3 ms
# (test process exited with exit code 2)
# (diff output truncated and silencing output for further failing tests...)
not ok 110   + portals                                     3 ms
# (test process exited with exit code 2)
# (diff output truncated and silencing output for further failing tests...)
not ok 111   + arrays                                      3 ms
# (test process exited with exit code 2)
# (diff output truncated and silencing output for further failing tests...)
not ok 112   + btree_index                                 3 ms
# (test process exited with exit code 2)
# (diff output truncated and silencing output for further failing tests...)
not ok 113   + hash_index                                  3 ms
# (test process exited with exit code 2)
# (diff output truncated and silencing output for further failing tests...)
not ok 114   + update                                      3 ms
# (test process exited with exit code 2)
# (diff output truncated and silencing output for further failing tests...)
not ok 115   + delete                                      3 ms
# (test process exited with exit code 2)
# (diff output truncated and silencing output for further failing tests...)
not ok 116   + namespace                                   3 ms
# (test process exited with exit code 2)
# (diff output truncated and silencing output for further failing tests...)
not ok 117   + prepared_xacts                              3 ms
# (test process exited with exit code 2)
# parallel group (20 tests):  brin gin gist spgist privileges security_label init_privs matview lock collate tablesample replica_identity groupingsets rowsecurity object_address drop_operator password identity generated_stored join_hash
# (diff output truncated and silencing output for further failing tests...)
not ok 118   + brin                                        3 ms
# (test process exited with exit code 2)
# (diff output truncated and silencing output for further failing tests...)
not ok 119   + gin                                         3 ms
# (test process exited with exit code 2)
# (diff output truncated and silencing output for further failing tests...)
not ok 120   + gist                                        3 ms
# (test process exited with exit code 2)
# (diff output truncated and silencing output for further failing tests...)
not ok 121   + spgist                                      3 ms
# (test process exited with exit code 2)
# (diff output truncated and silencing output for further failing tests...)
not ok 122   + privileges                                  3 ms
# (test process exited with exit code 2)
# (diff output truncated and silencing output for further failing tests...)
not ok 123   + init_privs                                  3 ms
# (test process exited with exit code 2)
# (diff output truncated and silencing output for further failing tests...)
not ok 124   + security_label                              3 ms
# (test process exited with exit code 2)
# (diff output truncated and silencing output for further failing tests...)
not ok 125   + collate                                     3 ms
# (test process exited with exit code 2)
# (diff output truncated and silencing output for further failing tests...)
not ok 126   + matview                                     3 ms
# (test process exited with exit code 2)
# (diff output truncated and silencing output for further failing tests...)
not ok 127   + lock                                        3 ms
# (test process exited with exit code 2)
# (diff output truncated and silencing output for further failing tests...)
not ok 128   + replica_identity                            3 ms
# (test process exited with exit code 2)
# (diff output truncated and silencing output for further failing tests...)
not ok 129   + rowsecurity                                 3 ms
# (test process exited with exit code 2)
# (diff output truncated and silencing output for further failing tests...)
not ok 130   + object_address                              3 ms
# (test process exited with exit code 2)
# (diff output truncated and silencing output for further failing tests...)
not ok 131   + tablesample                                 3 ms
# (test process exited with exit code 2)
# (diff output truncated and silencing output for further failing tests...)
not ok 132   + groupingsets                                3 ms
# (test process exited with exit code 2)
# (diff output truncated and silencing output for further failing tests...)
not ok 133   + drop_operator                               3 ms
# (test process exited with exit code 2)
# (diff output truncated and silencing output for further failing tests...)
not ok 134   + password                                    3 ms
# (test process exited with exit code 2)
# (diff output truncated and silencing output for further failing tests...)
not ok 135   + identity                                    3 ms
# (test process exited with exit code 2)
# (diff output truncated and silencing output for further failing tests...)
not ok 136   + generated_stored                            3 ms
# (test process exited with exit code 2)
# (diff output truncated and silencing output for further failing tests...)
not ok 137   + join_hash                                   3 ms
# (test process exited with exit code 2)
# parallel group (2 tests):  brin_bloom brin_multi
# (diff output truncated and silencing output for further failing tests...)
not ok 138   + brin_bloom                                  3 ms
# (test process exited with exit code 2)
# (diff output truncated and silencing output for further failing tests...)
not ok 139   + brin_multi                                  3 ms
# (test process exited with exit code 2)
# parallel group (20 tests):  create_table_like alter_generic alter_operator misc async misc_functions merge dbsize nls sysviews tsrf tid tidscan tidrangescan collate.utf8 collate.icu.utf8 incremental_sort create_role without_overlaps generated_virtual
# (diff output truncated and silencing output for further failing tests...)
not ok 140   + create_table_like                           3 ms
# (test process exited with exit code 2)
# (diff output truncated and silencing output for further failing tests...)
not ok 141   + alter_generic                               3 ms
# (test process exited with exit code 2)
# (diff output truncated and silencing output for further failing tests...)
not ok 142   + alter_operator                              3 ms
# (test process exited with exit code 2)
# (diff output truncated and silencing output for further failing tests...)
not ok 143   + misc                                        3 ms
# (test process exited with exit code 2)
# (diff output truncated and silencing output for further failing tests...)
not ok 144   + async                                       3 ms
# (test process exited with exit code 2)
# (diff output truncated and silencing output for further failing tests...)
not ok 145   + dbsize                                      3 ms
# (test process exited with exit code 2)
# (diff output truncated and silencing output for further failing tests...)
not ok 146   + merge                                       3 ms
# (test process exited with exit code 2)
# (diff output truncated and silencing output for further failing tests...)
not ok 147   + misc_functions                              3 ms
# (test process exited with exit code 2)
# (diff output truncated and silencing output for further failing tests...)
not ok 148   + nls                                         3 ms
# (test process exited with exit code 2)
# (diff output truncated and silencing output for further failing tests...)
not ok 149   + sysviews                                    3 ms
# (test process exited with exit code 2)
# (diff output truncated and silencing output for further failing tests...)
not ok 150   + tsrf                                        3 ms
# (test process exited with exit code 2)
# (diff output truncated and silencing output for further failing tests...)
not ok 151   + tid                                         3 ms
# (test process exited with exit code 2)
# (diff output truncated and silencing output for further failing tests...)
not ok 152   + tidscan                                     3 ms
# (test process exited with exit code 2)
# (diff output truncated and silencing output for further failing tests...)
not ok 153   + tidrangescan                                3 ms
# (test process exited with exit code 2)
# (diff output truncated and silencing output for further failing tests...)
not ok 154   + collate.utf8                                3 ms
# (test process exited with exit code 2)
# (diff output truncated and silencing output for further failing tests...)
not ok 155   + collate.icu.utf8                            3 ms
# (test process exited with exit code 2)
# (diff output truncated and silencing output for further failing tests...)
not ok 156   + incremental_sort                            3 ms
# (test process exited with exit code 2)
# (diff output truncated and silencing output for further failing tests...)
not ok 157   + create_role                                 3 ms
# (test process exited with exit code 2)
# (diff output truncated and silencing output for further failing tests...)
not ok 158   + without_overlaps                            3 ms
# (test process exited with exit code 2)
# (diff output truncated and silencing output for further failing tests...)
not ok 159   + generated_virtual                           3 ms
# (test process exited with exit code 2)
# parallel group (8 tests):  rules psql psql_crosstab psql_pipeline amutils stats_ext collate.linux.utf8 collate.windows.win1252
# (diff output truncated and silencing output for further failing tests...)
not ok 160   + rules                                       3 ms
# (test process exited with exit code 2)
# (diff output truncated and silencing output for further failing tests...)
not ok 161   + psql                                        3 ms
# (test process exited with exit code 2)
# (diff output truncated and silencing output for further failing tests...)
not ok 162   + psql_crosstab                               3 ms
# (test process exited with exit code 2)
# (diff output truncated and silencing output for further failing tests...)
not ok 163   + psql_pipeline                               3 ms
# (test process exited with exit code 2)
# (diff output truncated and silencing output for further failing tests...)
not ok 164   + amutils                                     3 ms
# (test process exited with exit code 2)
# (diff output truncated and silencing output for further failing tests...)
not ok 165   + stats_ext                                   3 ms
# (test process exited with exit code 2)
# (diff output truncated and silencing output for further failing tests...)
not ok 166   + collate.linux.utf8                          3 ms
# (test process exited with exit code 2)
# (diff output truncated and silencing output for further failing tests...)
not ok 167   + collate.windows.win1252                     3 ms
# (test process exited with exit code 2)
# (diff output truncated and silencing output for further failing tests...)
not ok 168   - select_parallel                             3 ms
# (test process exited with exit code 2)
# (diff output truncated and silencing output for further failing tests...)
not ok 169   - write_parallel                              3 ms
# (test process exited with exit code 2)
# (diff output truncated and silencing output for further failing tests...)
not ok 170   - vacuum_parallel                             3 ms
# (test process exited with exit code 2)
# (diff output truncated and silencing output for further failing tests...)
not ok 171   - maintain_every                              3 ms
# (test process exited with exit code 2)
# parallel group (2 tests):  publication subscription
# (diff output truncated and silencing output for further failing tests...)
not ok 172   + publication                                 3 ms
# (test process exited with exit code 2)
# (diff output truncated and silencing output for further failing tests...)
not ok 173   + subscription                                3 ms
# (test process exited with exit code 2)
# parallel group (18 tests):  select_views portals_p2 foreign_key dependency guc bitmapops combocid tsearch tsdicts foreign_data window xmlmap functional_deps equivclass advisory_lock indirect_toast stats_rewrite graph_table
# (diff output truncated and silencing output for further failing tests...)
not ok 174   + select_views                                3 ms
# (test process exited with exit code 2)
# (diff output truncated and silencing output for further failing tests...)
not ok 175   + portals_p2                                  3 ms
# (test process exited with exit code 2)
# (diff output truncated and silencing output for further failing tests...)
not ok 176   + foreign_key                                 3 ms
# (test process exited with exit code 2)
# (diff output truncated and silencing output for further failing tests...)
not ok 177   + dependency                                  3 ms
# (test process exited with exit code 2)
# (diff output truncated and silencing output for further failing tests...)
not ok 178   + guc                                         3 ms
# (test process exited with exit code 2)
# (diff output truncated and silencing output for further failing tests...)
not ok 179   + bitmapops                                   3 ms
# (test process exited with exit code 2)
# (diff output truncated and silencing output for further failing tests...)
not ok 180   + combocid                                    3 ms
# (test process exited with exit code 2)
# (diff output truncated and silencing output for further failing tests...)
not ok 181   + tsearch                                     3 ms
# (test process exited with exit code 2)
# (diff output truncated and silencing output for further failing tests...)
not ok 182   + tsdicts                                     3 ms
# (test process exited with exit code 2)
# (diff output truncated and silencing output for further failing tests...)
not ok 183   + foreign_data                                3 ms
# (test process exited with exit code 2)
# (diff output truncated and silencing output for further failing tests...)
not ok 184   + window                                      3 ms
# (test process exited with exit code 2)
# (diff output truncated and silencing output for further failing tests...)
not ok 185   + xmlmap                                      3 ms
# (test process exited with exit code 2)
# (diff output truncated and silencing output for further failing tests...)
not ok 186   + functional_deps                             3 ms
# (test process exited with exit code 2)
# (diff output truncated and silencing output for further failing tests...)
not ok 187   + advisory_lock                               3 ms
# (test process exited with exit code 2)
# (diff output truncated and silencing output for further failing tests...)
not ok 188   + indirect_toast                              3 ms
# (test process exited with exit code 2)
# (diff output truncated and silencing output for further failing tests...)
not ok 189   + equivclass                                  3 ms
# (test process exited with exit code 2)
# (diff output truncated and silencing output for further failing tests...)
not ok 190   + stats_rewrite                               3 ms
# (test process exited with exit code 2)
# (diff output truncated and silencing output for further failing tests...)
not ok 191   + graph_table                                 3 ms
# (test process exited with exit code 2)
# parallel group (9 tests):  json jsonb json_encoding jsonpath jsonpath_encoding jsonb_jsonpath sqljson sqljson_queryfuncs sqljson_jsontable
# (diff output truncated and silencing output for further failing tests...)
not ok 192   + json                                        3 ms
# (test process exited with exit code 2)
# (diff output truncated and silencing output for further failing tests...)
not ok 193   + jsonb                                       3 ms
# (test process exited with exit code 2)
# (diff output truncated and silencing output for further failing tests...)
not ok 194   + json_encoding                               3 ms
# (test process exited with exit code 2)
# (diff output truncated and silencing output for further failing tests...)
not ok 195   + jsonpath                                    3 ms
# (test process exited with exit code 2)
# (diff output truncated and silencing output for further failing tests...)
not ok 196   + jsonpath_encoding                           3 ms
# (test process exited with exit code 2)
# (diff output truncated and silencing output for further failing tests...)
not ok 197   + jsonb_jsonpath                              3 ms
# (test process exited with exit code 2)
# (diff output truncated and silencing output for further failing tests...)
not ok 198   + sqljson                                     3 ms
# (test process exited with exit code 2)
# (diff output truncated and silencing output for further failing tests...)
not ok 199   + sqljson_queryfuncs                          3 ms
# (test process exited with exit code 2)
# (diff output truncated and silencing output for further failing tests...)
not ok 200   + sqljson_jsontable                           3 ms
# (test process exited with exit code 2)
# parallel group (18 tests):  plancache limit plpgsql copy2 temp domain rangefuncs prepare conversion truncate alter_table sequence polymorphism largeobject returning rowtypes with xml
# (diff output truncated and silencing output for further failing tests...)
not ok 201   + plancache                                   3 ms
# (test process exited with exit code 2)
# (diff output truncated and silencing output for further failing tests...)
not ok 202   + limit                                       3 ms
# (test process exited with exit code 2)
# (diff output truncated and silencing output for further failing tests...)
not ok 203   + plpgsql                                     3 ms
# (test process exited with exit code 2)
# (diff output truncated and silencing output for further failing tests...)
not ok 204   + copy2                                       3 ms
# (test process exited with exit code 2)
# (diff output truncated and silencing output for further failing tests...)
not ok 205   + temp                                        3 ms
# (test process exited with exit code 2)
# (diff output truncated and silencing output for further failing tests...)
not ok 206   + domain                                      3 ms
# (test process exited with exit code 2)
# (diff output truncated and silencing output for further failing tests...)
not ok 207   + rangefuncs                                  3 ms
# (test process exited with exit code 2)
# (diff output truncated and silencing output for further failing tests...)
not ok 208   + prepare                                     3 ms
# (test process exited with exit code 2)
# (diff output truncated and silencing output for further failing tests...)
not ok 209   + conversion                                  3 ms
# (test process exited with exit code 2)
# (diff output truncated and silencing output for further failing tests...)
not ok 210   + truncate                                    3 ms
# (test process exited with exit code 2)
# (diff output truncated and silencing output for further failing tests...)
not ok 211   + alter_table                                 3 ms
# (test process exited with exit code 2)
# (diff output truncated and silencing output for further failing tests...)
not ok 212   + sequence                                    3 ms
# (test process exited with exit code 2)
# (diff output truncated and silencing output for further failing tests...)
not ok 213   + polymorphism                                3 ms
# (test process exited with exit code 2)
# (diff output truncated and silencing output for further failing tests...)
not ok 214   + rowtypes                                    3 ms
# (test process exited with exit code 2)
# (diff output truncated and silencing output for further failing tests...)
not ok 215   + returning                                   3 ms
# (test process exited with exit code 2)
# (diff output truncated and silencing output for further failing tests...)
not ok 216   + largeobject                                 3 ms
# (test process exited with exit code 2)
# (diff output truncated and silencing output for further failing tests...)
not ok 217   + with                                        3 ms
# (test process exited with exit code 2)
# (diff output truncated and silencing output for further failing tests...)
not ok 218   + xml                                         3 ms
# (test process exited with exit code 2)
# parallel group (18 tests):  partition_merge partition_split partition_join partition_prune reloptions hash_part indexing partition_aggregate partition_info tuplesort explain memoize stats eager_aggregate predicate planner_est numa graph_table_rls
# (diff output truncated and silencing output for further failing tests...)
not ok 219   + partition_merge                             3 ms
# (test process exited with exit code 2)
# (diff output truncated and silencing output for further failing tests...)
not ok 220   + partition_split                             3 ms
# (test process exited with exit code 2)
# (diff output truncated and silencing output for further failing tests...)
not ok 221   + partition_join                              3 ms
# (test process exited with exit code 2)
# (diff output truncated and silencing output for further failing tests...)
not ok 222   + partition_prune                             3 ms
# (test process exited with exit code 2)
# (diff output truncated and silencing output for further failing tests...)
not ok 223   + reloptions                                  3 ms
# (test process exited with exit code 2)
# (diff output truncated and silencing output for further failing tests...)
not ok 224   + hash_part                                   3 ms
# (test process exited with exit code 2)
# (diff output truncated and silencing output for further failing tests...)
not ok 225   + indexing                                    3 ms
# (test process exited with exit code 2)
# (diff output truncated and silencing output for further failing tests...)
not ok 226   + partition_aggregate                         3 ms
# (test process exited with exit code 2)
# (diff output truncated and silencing output for further failing tests...)
not ok 227   + partition_info                              3 ms
# (test process exited with exit code 2)
# (diff output truncated and silencing output for further failing tests...)
not ok 228   + tuplesort                                   3 ms
# (test process exited with exit code 2)
# (diff output truncated and silencing output for further failing tests...)
not ok 229   + explain                                     3 ms
# (test process exited with exit code 2)
# (diff output truncated and silencing output for further failing tests...)
not ok 230   + memoize                                     3 ms
# (test process exited with exit code 2)
# (diff output truncated and silencing output for further failing tests...)
not ok 231   + stats                                       3 ms
# (test process exited with exit code 2)
# (diff output truncated and silencing output for further failing tests...)
not ok 232   + predicate                                   3 ms
# (test process exited with exit code 2)
# (diff output truncated and silencing output for further failing tests...)
not ok 233   + numa                                        4 ms
# (test process exited with exit code 2)
# (diff output truncated and silencing output for further failing tests...)
not ok 234   + eager_aggregate                             3 ms
# (test process exited with exit code 2)
# (diff output truncated and silencing output for further failing tests...)
not ok 235   + graph_table_rls                             4 ms
# (test process exited with exit code 2)
# (diff output truncated and silencing output for further failing tests...)
not ok 236   + planner_est                                 3 ms
# (test process exited with exit code 2)
# parallel group (4 tests):  compression compression_lz4 compression_pglz cluster
# (diff output truncated and silencing output for further failing tests...)
not ok 237   + compression                                 3 ms
# (test process exited with exit code 2)
# (diff output truncated and silencing output for further failing tests...)
not ok 238   + compression_lz4                             3 ms
# (test process exited with exit code 2)
# (diff output truncated and silencing output for further failing tests...)
not ok 239   + compression_pglz                            3 ms
# (test process exited with exit code 2)
# (diff output truncated and silencing output for further failing tests...)
not ok 240   + cluster                                     3 ms
# (test process exited with exit code 2)
# parallel group (2 tests):  oidjoins event_trigger
# (diff output truncated and silencing output for further failing tests...)
not ok 241   + oidjoins                                    3 ms
# (test process exited with exit code 2)
# (diff output truncated and silencing output for further failing tests...)
not ok 242   + event_trigger                               3 ms
# (test process exited with exit code 2)
# (diff output truncated and silencing output for further failing tests...)
not ok 243   - event_trigger_login                         3 ms
# (test process exited with exit code 2)
# (diff output truncated and silencing output for further failing tests...)
not ok 244   - fast_default                                3 ms
# (test process exited with exit code 2)
# (diff output truncated and silencing output for further failing tests...)
not ok 245   - tablespace                                  3 ms
# (test process exited with exit code 2)
pg_ctl: could not send stop signal (PID: 102296): No such process
# could not stop postmaster: exit code was 256
Bail out!gmake[1]: *** [GNUmakefile:116: check-threaded] Error 2
gmake[1]: Leaving directory '/mnt/nvme/work/pg_noassert/src/test/regress'
gmake: *** [GNUmakefile:85: check-threaded] Error 2
EXIT=2
