make: Entering directory '/home/ec2-user/work/pg-autoconf/src/test/regress'
make -C ../../../src/backend generated-headers
make[1]: Entering directory '/home/ec2-user/work/pg-autoconf/src/backend'
make -C ../include/catalog generated-headers
make -C nodes generated-header-symlinks
make -C utils generated-header-symlinks
make[2]: Entering directory '/home/ec2-user/work/pg-autoconf/src/backend/nodes'
make[2]: Nothing to be done for 'generated-header-symlinks'.
make[2]: Leaving directory '/home/ec2-user/work/pg-autoconf/src/backend/nodes'
make[2]: Entering directory '/home/ec2-user/work/pg-autoconf/src/backend/utils'
make -C adt jsonpath_gram.h
make[2]: Entering directory '/home/ec2-user/work/pg-autoconf/src/include/catalog'
make[2]: Nothing to be done for 'generated-headers'.
make[2]: Leaving directory '/home/ec2-user/work/pg-autoconf/src/include/catalog'
make[3]: Entering directory '/home/ec2-user/work/pg-autoconf/src/backend/utils/adt'
make[3]: 'jsonpath_gram.h' is up to date.
make[3]: Leaving directory '/home/ec2-user/work/pg-autoconf/src/backend/utils/adt'
make[2]: Leaving directory '/home/ec2-user/work/pg-autoconf/src/backend/utils'
make[1]: Leaving directory '/home/ec2-user/work/pg-autoconf/src/backend'
make -C ../../../src/port all
rm -rf '/home/ec2-user/work/pg-autoconf'/tmp_install
make[1]: Entering directory '/home/ec2-user/work/pg-autoconf/src/port'
make[1]: Nothing to be done for 'all'.
make[1]: Leaving directory '/home/ec2-user/work/pg-autoconf/src/port'
make -C ../../../src/common all
make[1]: Entering directory '/home/ec2-user/work/pg-autoconf/src/common'
make[1]: Nothing to be done for 'all'.
make[1]: Leaving directory '/home/ec2-user/work/pg-autoconf/src/common'
/usr/bin/mkdir -p '/home/ec2-user/work/pg-autoconf'/tmp_install/log
make -C '../../..' DESTDIR='/home/ec2-user/work/pg-autoconf'/tmp_install install >'/home/ec2-user/work/pg-autoconf'/tmp_install/log/install.log 2>&1
make -j1  checkprep >>'/home/ec2-user/work/pg-autoconf'/tmp_install/log/install.log 2>&1
if test x'linux' = xdarwin; then find '/home/ec2-user/work/pg-autoconf'/tmp_install/home/ec2-user/work/pg-autoconf/inst/bin '/home/ec2-user/work/pg-autoconf'/tmp_install/home/ec2-user/work/pg-autoconf/inst/lib -type f | while read f; do if otool -L "$f" 2>/dev/null | grep -q '/home/ec2-user/work/pg-autoconf/inst/lib/libpq.5.so'; then install_name_tool -change '/home/ec2-user/work/pg-autoconf/inst/lib/libpq.5.so' '/home/ec2-user/work/pg-autoconf'/tmp_install/home/ec2-user/work/pg-autoconf/inst/lib/libpq.5.so "$f"; fi; done; fi
PATH="/home/ec2-user/work/pg-autoconf/tmp_install/home/ec2-user/work/pg-autoconf/inst/bin:/home/ec2-user/work/pg-autoconf/src/test/regress:$PATH" LD_LIBRARY_PATH="/home/ec2-user/work/pg-autoconf/tmp_install/home/ec2-user/work/pg-autoconf/inst/lib:$LD_LIBRARY_PATH" INITDB_TEMPLATE='/home/ec2-user/work/pg-autoconf'/tmp_install/initdb-template  initdb --auth trust --no-sync --no-instructions --lc-messages=C --no-clean '/home/ec2-user/work/pg-autoconf'/tmp_install/initdb-template >>'/home/ec2-user/work/pg-autoconf'/tmp_install/log/initdb-template.log 2>&1
echo "# +++ regress check in src/test/regress +++" && PATH="/home/ec2-user/work/pg-autoconf/tmp_install/home/ec2-user/work/pg-autoconf/inst/bin:/home/ec2-user/work/pg-autoconf/src/test/regress:$PATH" LD_LIBRARY_PATH="/home/ec2-user/work/pg-autoconf/tmp_install/home/ec2-user/work/pg-autoconf/inst/lib:$LD_LIBRARY_PATH" INITDB_TEMPLATE='/home/ec2-user/work/pg-autoconf'/tmp_install/initdb-template  ../../../src/test/regress/pg_regress --temp-instance=./tmp_check --inputdir=. --bindir=     --temp-config=./threaded_pooled.conf --dlpath=. --max-concurrent-tests=20  --schedule=./parallel_schedule  
# +++ regress check in src/test/regress +++
# initializing database system by copying initdb template
# using temp instance on port 52544 with PID 136242
ok 1         - test_setup                                162 ms
# parallel group (20 tests):  varchar char name text int2 boolean int4 oid float4 txid float8 bit regproc int8 money uuid pg_lsn enum numeric rangetypes
ok 2         + boolean                                    25 ms
ok 3         + char                                       14 ms
ok 4         + name                                       16 ms
ok 5         + varchar                                    14 ms
ok 6         + text                                       23 ms
ok 7         + int2                                       24 ms
ok 8         + int4                                       27 ms
ok 9         + int8                                       75 ms
ok 10        + oid                                        29 ms
ok 11        + float4                                     36 ms
ok 12        + float8                                     52 ms
ok 13        + bit                                        53 ms
ok 14        + numeric                                   203 ms
ok 15        + txid                                       42 ms
ok 16        + uuid                                       83 ms
ok 17        + enum                                      111 ms
ok 18        + money                                      80 ms
ok 19        + rangetypes                                305 ms
ok 20        + pg_lsn                                     86 ms
ok 21        + regproc                                    68 ms
# parallel group (20 tests):  md5 lseg numerology point line path circle date time timetz strings box polygon macaddr inet interval macaddr8 multirangetypes timestamp timestamptz
ok 22        + strings                                    94 ms
ok 23        + md5                                        10 ms
ok 24        + numerology                                 19 ms
ok 25        + point                                      21 ms
ok 26        + lseg                                       14 ms
ok 27        + line                                       24 ms
ok 28        + box                                       130 ms
ok 29        + path                                       29 ms
ok 30        + polygon                                   136 ms
ok 31        + circle                                     30 ms
ok 32        + date                                       47 ms
ok 33        + time                                       53 ms
ok 34        + timetz                                     61 ms
ok 35        + timestamp                                 380 ms
ok 36        + timestamptz                               430 ms
ok 37        + interval                                  162 ms
ok 38        + inet                                      160 ms
ok 39        + macaddr                                   141 ms
ok 40        + macaddr8                                  171 ms
ok 41        + multirangetypes                           298 ms
# parallel group (19 tests):  tstypes geometry horology misc_sanity type_sanity comments expressions unicode xid mvcc pg_ndistinct database regex pg_dependencies oid8 euc_kr encoding opr_sanity stats_import
ok 42        + geometry                                   47 ms
ok 43        + horology                                   49 ms
ok 44        + tstypes                                    24 ms
ok 45        + regex                                     207 ms
ok 46        + type_sanity                                68 ms
ok 47        + opr_sanity                                241 ms
ok 48        + misc_sanity                                55 ms
ok 49        + comments                                   70 ms
ok 50        + expressions                                76 ms
ok 51        + unicode                                    76 ms
ok 52        + xid                                        91 ms
ok 53        + mvcc                                      124 ms
ok 54        + database                                  201 ms
ok 55        + stats_import                              301 ms
ok 56        + pg_ndistinct                              131 ms
ok 57        + pg_dependencies                           208 ms
ok 58        + oid8                                      216 ms
ok 59        + encoding                                  223 ms
ok 60        + euc_kr                                    218 ms
# parallel group (6 tests):  copyencoding copyselect copydml copy insert_conflict insert
ok 61        + copy                                       86 ms
ok 62        + copyselect                                 17 ms
ok 63        + copydml                                    20 ms
ok 64        + copyencoding                               15 ms
ok 65        + insert                                    241 ms
ok 66        + insert_conflict                           107 ms
# parallel group (7 tests):  create_function_c create_operator create_misc create_type create_procedure create_schema create_table
ok 67        + create_function_c                           8 ms
ok 68        + create_misc                                30 ms
ok 69        + create_operator                            16 ms
ok 70        + create_procedure                           33 ms
ok 71        + create_table                              263 ms
ok 72        + create_type                                31 ms
ok 73        + create_schema                              77 ms
# parallel group (5 tests):  index_including create_view index_including_gist create_index_spgist create_index
ok 74        + create_index                              545 ms
ok 75        + create_index_spgist                       265 ms
ok 76        + create_view                               194 ms
ok 77        + index_including                           101 ms
ok 78        + index_including_gist                      242 ms
# parallel group (18 tests):  create_cast create_aggregate select create_function_sql typed_table vacuum drop_if_exists constraints create_am roleattributes hash_func errors infinite_recurse create_property_graph inherit updatable_views triggers for_portion_of
ok 79        + create_aggregate                           20 ms
ok 80        + create_function_sql                        56 ms
ok 81        + create_cast                                13 ms
ok 82        + constraints                               404 ms
ok 83        + triggers                                  885 ms
ok 84        + select                                     44 ms
ok 85        + inherit                                   722 ms
ok 86        + typed_table                                96 ms
ok 87        + vacuum                                    317 ms
ok 88        + drop_if_exists                            337 ms
ok 89        + updatable_views                           778 ms
ok 90        + roleattributes                            467 ms
ok 91        + create_am                                 457 ms
ok 92        + hash_func                                 479 ms
ok 93        + errors                                    485 ms
ok 94        + infinite_recurse                          567 ms
ok 95        + create_property_graph                     655 ms
ok 96        + for_portion_of                            883 ms
ok 97        - sanity_check                              108 ms
# parallel group (20 tests):  select_having select_implicit select_distinct_on select_into select_distinct union random subselect transactions case portals arrays aggregates join delete namespace prepared_xacts update hash_index btree_index
ok 98        + select_into                                39 ms
ok 99        + select_distinct                            67 ms
ok 100       + select_distinct_on                         30 ms
ok 101       + select_implicit                            28 ms
ok 102       + select_having                              15 ms
ok 103       + subselect                                 179 ms
ok 104       + union                                     105 ms
ok 105       + case                                      195 ms
ok 106       + join                                      484 ms
ok 107       + aggregates                                441 ms
ok 108       + transactions                              184 ms
ok 109       + random                                    132 ms
ok 110       + portals                                   239 ms
ok 111       + arrays                                    297 ms
ok 112       + btree_index                              1160 ms
ok 113       + hash_index                                637 ms
ok 114       + update                                    611 ms
ok 115       + delete                                    497 ms
ok 116       + namespace                                 536 ms
ok 117       + prepared_xacts                            552 ms
# parallel group (20 tests):  spgist init_privs security_label brin gin lock gist collate matview object_address replica_identity drop_operator tablesample groupingsets password identity rowsecurity generated_stored join_hash privileges
ok 118       + brin                                      311 ms
ok 119       + gin                                       393 ms
ok 120       + gist                                      416 ms
ok 121       + spgist                                    269 ms
ok 122       + privileges                               1405 ms
ok 123       + init_privs                                272 ms
ok 124       + security_label                            282 ms
ok 125       + collate                                   469 ms
ok 126       + matview                                   484 ms
ok 127       + lock                                      412 ms
ok 128       + replica_identity                          504 ms
ok 129       + rowsecurity                               813 ms
ok 130       + object_address                            500 ms
ok 131       + tablesample                               523 ms
ok 132       + groupingsets                              613 ms
ok 133       + drop_operator                             510 ms
ok 134       + password                                  657 ms
ok 135       + identity                                  695 ms
ok 136       + generated_stored                         1054 ms
ok 137       + join_hash                                1174 ms
# parallel group (2 tests):  brin_bloom brin_multi
ok 138       + brin_bloom                                 55 ms
ok 139       + brin_multi                                310 ms
# parallel group (20 tests):  alter_operator async alter_generic dbsize nls sysviews misc tidscan tid tsrf collate.utf8 misc_functions tidrangescan merge create_table_like create_role incremental_sort collate.icu.utf8 generated_virtual without_overlaps
ok 140       + create_table_like                         251 ms
ok 141       + alter_generic                              67 ms
ok 142       + alter_operator                             21 ms
ok 143       + misc                                      103 ms
ok 144       + async                                      24 ms
ok 145       + dbsize                                     71 ms
ok 146       + merge                                     205 ms
ok 147       + misc_functions                            181 ms
ok 148       + nls                                        74 ms
ok 149       + sysviews                                   96 ms
ok 150       + tsrf                                      122 ms
ok 151       + tid                                       116 ms
ok 152       + tidscan                                   109 ms
ok 153       + tidrangescan                              182 ms
ok 154       + collate.utf8                              132 ms
ok 155       + collate.icu.utf8                          447 ms
ok 156       + incremental_sort                          273 ms
ok 157       + create_role                               268 ms
ok 158       + without_overlaps                          686 ms
ok 159       + generated_virtual                         520 ms
# parallel group (8 tests):  psql_crosstab amutils psql_pipeline collate.linux.utf8 collate.windows.win1252 rules psql stats_ext
ok 160       + rules                                     302 ms
ok 161       + psql                                      312 ms
ok 162       + psql_crosstab                              18 ms
ok 163       + psql_pipeline                              26 ms
ok 164       + amutils                                    25 ms
ok 165       + stats_ext                                1126 ms
ok 166       + collate.linux.utf8                        100 ms
ok 167       + collate.windows.win1252                   103 ms
ok 168       - select_parallel                           710 ms
ok 169       - write_parallel                             78 ms
ok 170       - vacuum_parallel                            89 ms
ok 171       - maintain_every                             16 ms
# parallel group (2 tests):  publication subscription
ok 172       + publication                               434 ms
# diff -U3 /home/ec2-user/work/pg-autoconf/src/test/regress/expected/subscription.out /home/ec2-user/work/pg-autoconf/src/test/regress/results/subscription.out
# --- /home/ec2-user/work/pg-autoconf/src/test/regress/expected/subscription.out	2026-09-09 23:14:58.000000000 +0000
# +++ /home/ec2-user/work/pg-autoconf/src/test/regress/results/subscription.out	2026-09-10 04:58:35.439718250 +0000
# @@ -476,464 +476,7 @@
#  ALTER SUBSCRIPTION regress_testsub DISABLE;
#  ALTER SUBSCRIPTION regress_testsub SET (slot_name = NONE);
#  DROP SUBSCRIPTION regress_testsub;
# -DROP FUNCTION func;
# --- fail - two_phase must be boolean
# -CREATE SUBSCRIPTION regress_testsub CONNECTION 'dbname=regress_doesnotexist' PUBLICATION testpub WITH (connect = false, two_phase = foo);
# -ERROR:  two_phase requires a Boolean value
# --- now it works
# -CREATE SUBSCRIPTION regress_testsub CONNECTION 'dbname=regress_doesnotexist' PUBLICATION testpub WITH (connect = false, two_phase = true);
# -WARNING:  subscription was created, but is not connected
# -HINT:  To initiate replication, you must manually create the replication slot, enable the subscription, and alter the subscription to refresh publications.
# -\dRs+
# -                                                                                                                                                                       List of subscriptions
# -      Name       |           Owner           | Enabled | Publication | Binary | Streaming | Two-phase commit | Disable on error | Origin | Password required | Run as owner? | Failover | Server | Retain dead tuples | Max retention duration | Retention active | Synchronous commit |          Conninfo           | Receiver timeout |  Skip LSN  | Description 
# ------------------+---------------------------+---------+-------------+--------+-----------+------------------+------------------+--------+-------------------+---------------+----------+--------+--------------------+------------------------+------------------+--------------------+-----------------------------+------------------+------------+-------------
# - regress_testsub | regress_subscription_user | f       | {testpub}   | f      | parallel  | p                | f                | any    | t                 | f             | f        |        | f                  |                      0 | f                | off                | dbname=regress_doesnotexist | -1               | 0/00000000 | 
# -(1 row)
# -
# --- we can alter streaming when two_phase enabled
# -ALTER SUBSCRIPTION regress_testsub SET (streaming = true);
# -\dRs+
# -                                                                                                                                                                       List of subscriptions
# -      Name       |           Owner           | Enabled | Publication | Binary | Streaming | Two-phase commit | Disable on error | Origin | Password required | Run as owner? | Failover | Server | Retain dead tuples | Max retention duration | Retention active | Synchronous commit |          Conninfo           | Receiver timeout |  Skip LSN  | Description 
# ------------------+---------------------------+---------+-------------+--------+-----------+------------------+------------------+--------+-------------------+---------------+----------+--------+--------------------+------------------------+------------------+--------------------+-----------------------------+------------------+------------+-------------
# - regress_testsub | regress_subscription_user | f       | {testpub}   | f      | on        | p                | f                | any    | t                 | f             | f        |        | f                  |                      0 | f                | off                | dbname=regress_doesnotexist | -1               | 0/00000000 | 
# -(1 row)
# -
# -ALTER SUBSCRIPTION regress_testsub SET (slot_name = NONE);
# -DROP SUBSCRIPTION regress_testsub;
# --- two_phase and streaming are compatible.
# -CREATE SUBSCRIPTION regress_testsub CONNECTION 'dbname=regress_doesnotexist' PUBLICATION testpub WITH (connect = false, streaming = true, two_phase = true);
# -WARNING:  subscription was created, but is not connected
# -HINT:  To initiate replication, you must manually create the replication slot, enable the subscription, and alter the subscription to refresh publications.
# -\dRs+
# -                                                                                                                                                                       List of subscriptions
# -      Name       |           Owner           | Enabled | Publication | Binary | Streaming | Two-phase commit | Disable on error | Origin | Password required | Run as owner? | Failover | Server | Retain dead tuples | Max retention duration | Retention active | Synchronous commit |          Conninfo           | Receiver timeout |  Skip LSN  | Description 
# ------------------+---------------------------+---------+-------------+--------+-----------+------------------+------------------+--------+-------------------+---------------+----------+--------+--------------------+------------------------+------------------+--------------------+-----------------------------+------------------+------------+-------------
# - regress_testsub | regress_subscription_user | f       | {testpub}   | f      | on        | p                | f                | any    | t                 | f             | f        |        | f                  |                      0 | f                | off                | dbname=regress_doesnotexist | -1               | 0/00000000 | 
# -(1 row)
# -
# -ALTER SUBSCRIPTION regress_testsub SET (slot_name = NONE);
# -DROP SUBSCRIPTION regress_testsub;
# --- fail - disable_on_error must be boolean
# -CREATE SUBSCRIPTION regress_testsub CONNECTION 'dbname=regress_doesnotexist' PUBLICATION testpub WITH (connect = false, disable_on_error = foo);
# -ERROR:  disable_on_error requires a Boolean value
# --- now it works
# -CREATE SUBSCRIPTION regress_testsub CONNECTION 'dbname=regress_doesnotexist' PUBLICATION testpub WITH (connect = false, disable_on_error = false);
# -WARNING:  subscription was created, but is not connected
# -HINT:  To initiate replication, you must manually create the replication slot, enable the subscription, and alter the subscription to refresh publications.
# -\dRs+
# -                                                                                                                                                                       List of subscriptions
# -      Name       |           Owner           | Enabled | Publication | Binary | Streaming | Two-phase commit | Disable on error | Origin | Password required | Run as owner? | Failover | Server | Retain dead tuples | Max retention duration | Retention active | Synchronous commit |          Conninfo           | Receiver timeout |  Skip LSN  | Description 
# ------------------+---------------------------+---------+-------------+--------+-----------+------------------+------------------+--------+-------------------+---------------+----------+--------+--------------------+------------------------+------------------+--------------------+-----------------------------+------------------+------------+-------------
# - regress_testsub | regress_subscription_user | f       | {testpub}   | f      | parallel  | d                | f                | any    | t                 | f             | f        |        | f                  |                      0 | f                | off                | dbname=regress_doesnotexist | -1               | 0/00000000 | 
# -(1 row)
# -
# -ALTER SUBSCRIPTION regress_testsub SET (disable_on_error = true);
# -\dRs+
# -                                                                                                                                                                       List of subscriptions
# -      Name       |           Owner           | Enabled | Publication | Binary | Streaming | Two-phase commit | Disable on error | Origin | Password required | Run as owner? | Failover | Server | Retain dead tuples | Max retention duration | Retention active | Synchronous commit |          Conninfo           | Receiver timeout |  Skip LSN  | Description 
# ------------------+---------------------------+---------+-------------+--------+-----------+------------------+------------------+--------+-------------------+---------------+----------+--------+--------------------+------------------------+------------------+--------------------+-----------------------------+------------------+------------+-------------
# - regress_testsub | regress_subscription_user | f       | {testpub}   | f      | parallel  | d                | t                | any    | t                 | f             | f        |        | f                  |                      0 | f                | off                | dbname=regress_doesnotexist | -1               | 0/00000000 | 
# -(1 row)
# -
# -ALTER SUBSCRIPTION regress_testsub SET (slot_name = NONE);
# -DROP SUBSCRIPTION regress_testsub;
# --- fail - retain_dead_tuples must be boolean
# -CREATE SUBSCRIPTION regress_testsub CONNECTION 'dbname=regress_doesnotexist' PUBLICATION testpub WITH (connect = false, retain_dead_tuples = foo);
# -ERROR:  retain_dead_tuples requires a Boolean value
# --- ok
# -CREATE SUBSCRIPTION regress_testsub CONNECTION 'dbname=regress_doesnotexist' PUBLICATION testpub WITH (connect = false, retain_dead_tuples = false);
# -WARNING:  subscription was created, but is not connected
# -HINT:  To initiate replication, you must manually create the replication slot, enable the subscription, and alter the subscription to refresh publications.
# -\dRs+
# -                                                                                                                                                                       List of subscriptions
# -      Name       |           Owner           | Enabled | Publication | Binary | Streaming | Two-phase commit | Disable on error | Origin | Password required | Run as owner? | Failover | Server | Retain dead tuples | Max retention duration | Retention active | Synchronous commit |          Conninfo           | Receiver timeout |  Skip LSN  | Description 
# (diff output truncated and silencing output for further failing tests...)
not ok 173   + subscription                           285776 ms
# (test process exited with exit code 2)
# parallel group (18 tests):  select_views portals_p2 foreign_key dependency guc bitmapops combocid tsearch tsdicts foreign_data window xmlmap advisory_lock functional_deps indirect_toast equivclass stats_rewrite graph_table
# (diff output truncated and silencing output for further failing tests...)
not ok 174   + select_views                                4 ms
# (test process exited with exit code 2)
# (diff output truncated and silencing output for further failing tests...)
not ok 175   + portals_p2                                  4 ms
# (test process exited with exit code 2)
# (diff output truncated and silencing output for further failing tests...)
not ok 176   + foreign_key                                 4 ms
# (test process exited with exit code 2)
# (diff output truncated and silencing output for further failing tests...)
not ok 177   + dependency                                  4 ms
# (test process exited with exit code 2)
# (diff output truncated and silencing output for further failing tests...)
not ok 178   + guc                                         4 ms
# (test process exited with exit code 2)
# (diff output truncated and silencing output for further failing tests...)
not ok 179   + bitmapops                                   4 ms
# (test process exited with exit code 2)
# (diff output truncated and silencing output for further failing tests...)
not ok 180   + combocid                                    4 ms
# (test process exited with exit code 2)
# (diff output truncated and silencing output for further failing tests...)
not ok 181   + tsearch                                     4 ms
# (test process exited with exit code 2)
# (diff output truncated and silencing output for further failing tests...)
not ok 182   + tsdicts                                     4 ms
# (test process exited with exit code 2)
# (diff output truncated and silencing output for further failing tests...)
not ok 183   + foreign_data                                4 ms
# (test process exited with exit code 2)
# (diff output truncated and silencing output for further failing tests...)
not ok 184   + window                                      4 ms
# (test process exited with exit code 2)
# (diff output truncated and silencing output for further failing tests...)
not ok 185   + xmlmap                                      4 ms
# (test process exited with exit code 2)
# (diff output truncated and silencing output for further failing tests...)
not ok 186   + functional_deps                             4 ms
# (test process exited with exit code 2)
# (diff output truncated and silencing output for further failing tests...)
not ok 187   + advisory_lock                               4 ms
# (test process exited with exit code 2)
# (diff output truncated and silencing output for further failing tests...)
not ok 188   + indirect_toast                              4 ms
# (test process exited with exit code 2)
# (diff output truncated and silencing output for further failing tests...)
not ok 189   + equivclass                                  5 ms
# (test process exited with exit code 2)
# (diff output truncated and silencing output for further failing tests...)
not ok 190   + stats_rewrite                               5 ms
# (test process exited with exit code 2)
# (diff output truncated and silencing output for further failing tests...)
not ok 191   + graph_table                                 5 ms
# (test process exited with exit code 2)
# parallel group (9 tests):  json jsonb jsonpath jsonpath_encoding jsonb_jsonpath sqljson sqljson_queryfuncs json_encoding sqljson_jsontable
# (diff output truncated and silencing output for further failing tests...)
not ok 192   + json                                        3 ms
# (test process exited with exit code 2)
# (diff output truncated and silencing output for further failing tests...)
not ok 193   + jsonb                                       3 ms
# (test process exited with exit code 2)
# (diff output truncated and silencing output for further failing tests...)
not ok 194   + json_encoding                               4 ms
# (test process exited with exit code 2)
# (diff output truncated and silencing output for further failing tests...)
not ok 195   + jsonpath                                    3 ms
# (test process exited with exit code 2)
# (diff output truncated and silencing output for further failing tests...)
not ok 196   + jsonpath_encoding                           3 ms
# (test process exited with exit code 2)
# (diff output truncated and silencing output for further failing tests...)
not ok 197   + jsonb_jsonpath                              3 ms
# (test process exited with exit code 2)
# (diff output truncated and silencing output for further failing tests...)
not ok 198   + sqljson                                     3 ms
# (test process exited with exit code 2)
# (diff output truncated and silencing output for further failing tests...)
not ok 199   + sqljson_queryfuncs                          3 ms
# (test process exited with exit code 2)
# (diff output truncated and silencing output for further failing tests...)
not ok 200   + sqljson_jsontable                           4 ms
# (test process exited with exit code 2)
# parallel group (18 tests):  plancache plpgsql limit copy2 temp domain rangefuncs conversion prepare alter_table sequence truncate polymorphism rowtypes returning with largeobject xml
# (diff output truncated and silencing output for further failing tests...)
not ok 201   + plancache                                   3 ms
# (test process exited with exit code 2)
# (diff output truncated and silencing output for further failing tests...)
not ok 202   + limit                                       4 ms
# (test process exited with exit code 2)
# (diff output truncated and silencing output for further failing tests...)
not ok 203   + plpgsql                                     3 ms
# (test process exited with exit code 2)
# (diff output truncated and silencing output for further failing tests...)
not ok 204   + copy2                                       3 ms
# (test process exited with exit code 2)
# (diff output truncated and silencing output for further failing tests...)
not ok 205   + temp                                        4 ms
# (test process exited with exit code 2)
# (diff output truncated and silencing output for further failing tests...)
not ok 206   + domain                                      4 ms
# (test process exited with exit code 2)
# (diff output truncated and silencing output for further failing tests...)
not ok 207   + rangefuncs                                  4 ms
# (test process exited with exit code 2)
# (diff output truncated and silencing output for further failing tests...)
not ok 208   + prepare                                     4 ms
# (test process exited with exit code 2)
# (diff output truncated and silencing output for further failing tests...)
not ok 209   + conversion                                  4 ms
# (test process exited with exit code 2)
# (diff output truncated and silencing output for further failing tests...)
not ok 210   + truncate                                    4 ms
# (test process exited with exit code 2)
# (diff output truncated and silencing output for further failing tests...)
not ok 211   + alter_table                                 4 ms
# (test process exited with exit code 2)
# (diff output truncated and silencing output for further failing tests...)
not ok 212   + sequence                                    4 ms
# (test process exited with exit code 2)
# (diff output truncated and silencing output for further failing tests...)
not ok 213   + polymorphism                                4 ms
# (test process exited with exit code 2)
# (diff output truncated and silencing output for further failing tests...)
not ok 214   + rowtypes                                    4 ms
# (test process exited with exit code 2)
# (diff output truncated and silencing output for further failing tests...)
not ok 215   + returning                                   4 ms
# (test process exited with exit code 2)
# (diff output truncated and silencing output for further failing tests...)
not ok 216   + largeobject                                 5 ms
# (test process exited with exit code 2)
# (diff output truncated and silencing output for further failing tests...)
not ok 217   + with                                        5 ms
# (test process exited with exit code 2)
# (diff output truncated and silencing output for further failing tests...)
not ok 218   + xml                                         5 ms
# (test process exited with exit code 2)
# parallel group (18 tests):  partition_merge partition_split partition_join partition_prune reloptions hash_part indexing partition_info partition_aggregate tuplesort memoize predicate explain numa stats eager_aggregate graph_table_rls planner_est
# (diff output truncated and silencing output for further failing tests...)
not ok 219   + partition_merge                             4 ms
# (test process exited with exit code 2)
# (diff output truncated and silencing output for further failing tests...)
not ok 220   + partition_split                             4 ms
# (test process exited with exit code 2)
# (diff output truncated and silencing output for further failing tests...)
not ok 221   + partition_join                              3 ms
# (test process exited with exit code 2)
# (diff output truncated and silencing output for further failing tests...)
not ok 222   + partition_prune                             4 ms
# (test process exited with exit code 2)
# (diff output truncated and silencing output for further failing tests...)
not ok 223   + reloptions                                  4 ms
# (test process exited with exit code 2)
# (diff output truncated and silencing output for further failing tests...)
not ok 224   + hash_part                                   4 ms
# (test process exited with exit code 2)
# (diff output truncated and silencing output for further failing tests...)
not ok 225   + indexing                                    4 ms
# (test process exited with exit code 2)
# (diff output truncated and silencing output for further failing tests...)
not ok 226   + partition_aggregate                         4 ms
# (test process exited with exit code 2)
# (diff output truncated and silencing output for further failing tests...)
not ok 227   + partition_info                              4 ms
# (test process exited with exit code 2)
# (diff output truncated and silencing output for further failing tests...)
not ok 228   + tuplesort                                   4 ms
# (test process exited with exit code 2)
# (diff output truncated and silencing output for further failing tests...)
not ok 229   + explain                                     4 ms
# (test process exited with exit code 2)
# (diff output truncated and silencing output for further failing tests...)
not ok 230   + memoize                                     4 ms
# (test process exited with exit code 2)
# (diff output truncated and silencing output for further failing tests...)
not ok 231   + stats                                       4 ms
# (test process exited with exit code 2)
# (diff output truncated and silencing output for further failing tests...)
not ok 232   + predicate                                   4 ms
# (test process exited with exit code 2)
# (diff output truncated and silencing output for further failing tests...)
not ok 233   + numa                                        4 ms
# (test process exited with exit code 2)
# (diff output truncated and silencing output for further failing tests...)
not ok 234   + eager_aggregate                             4 ms
# (test process exited with exit code 2)
# (diff output truncated and silencing output for further failing tests...)
not ok 235   + graph_table_rls                             5 ms
# (test process exited with exit code 2)
# (diff output truncated and silencing output for further failing tests...)
not ok 236   + planner_est                                 5 ms
# (test process exited with exit code 2)
# parallel group (4 tests):  compression compression_lz4 compression_pglz cluster
# (diff output truncated and silencing output for further failing tests...)
not ok 237   + compression                                 3 ms
# (test process exited with exit code 2)
# (diff output truncated and silencing output for further failing tests...)
not ok 238   + compression_lz4                             3 ms
# (test process exited with exit code 2)
# (diff output truncated and silencing output for further failing tests...)
not ok 239   + compression_pglz                            3 ms
# (test process exited with exit code 2)
# (diff output truncated and silencing output for further failing tests...)
not ok 240   + cluster                                     3 ms
# (test process exited with exit code 2)
# parallel group (2 tests):  oidjoins event_trigger
# (diff output truncated and silencing output for further failing tests...)
not ok 241   + oidjoins                                    3 ms
# (test process exited with exit code 2)
# (diff output truncated and silencing output for further failing tests...)
not ok 242   + event_trigger                               3 ms
# (test process exited with exit code 2)
# (diff output truncated and silencing output for further failing tests...)
not ok 243   - event_trigger_login                         3 ms
# (test process exited with exit code 2)
# (diff output truncated and silencing output for further failing tests...)
not ok 244   - fast_default                                3 ms
# (test process exited with exit code 2)
# (diff output truncated and silencing output for further failing tests...)
not ok 245   - tablespace                                  3 ms
# (test process exited with exit code 2)
pg_ctl: could not send stop signal (PID: 136242): No such process
# could not stop postmaster: exit code was 256
Bail out!make: *** [GNUmakefile:122: check-threaded-pooled] Error 2
make: Leaving directory '/home/ec2-user/work/pg-autoconf/src/test/regress'
